
============================================================
RUN  : exp08ad_normalization
ID   : 2026-08-21_230739
DIR  : D:\Research\Drone\SwarmDroneMATLAB\results\exp08ad_normalization\2026-08-21_230739
WHEN : 2026-08-21 23:07:40
============================================================


============================================================
EXP08A-D degree normalization diagnostic
============================================================

topology      N | structDeg   lambda2 |  consMean   min   max
ring2        10 |      2.60    0.6443 |      2.00     2     2
ring2        20 |      2.80    0.4981 |      2.00     2     2
ring2        50 |      2.92    0.4504 |      2.00     2     2
sparse4      10 |      4.60    2.0646 |      4.00     4     4
sparse4      20 |      4.80    0.8970 |      4.00     4     4
sparse4      50 |      4.92    0.5153 |      4.00     4     4
sparse6      10 |      6.20    4.3820 |      6.00     6     6
sparse6      20 |      6.60    1.6124 |      6.00     6     6
sparse6      50 |      6.84    0.6727 |      6.00     6     6
geometric    10 |      2.80    0.9250 |      2.00     1     4
geometric    20 |      3.50    0.6965 |      2.63     1     4
geometric    50 |      4.12    0.5513 |      3.18     1     4

Seeds 3 | sims 288
ensureParallelPool: starting pool with 3 workers...
Starting parallel pool (parpool) using the 'Processes' profile ...
Connected to parallel pool with 3 workers.
ensureParallelPool: pool ready (3 workers).

--- Moderate ---
  N=10  ring2       done
  N=10  sparse4     done
  N=10  sparse6     done
  N=10  geometric   done
  N=20  ring2       done
  N=20  sparse4     done
  N=20  sparse6     done
  N=20  geometric   done
  N=50  ring2       done
  N=50  sparse4     done
  N=50  sparse6     done
  N=50  geometric   done

--- Stressed ---
  N=10  ring2       done
  N=10  sparse4     done
  N=10  sparse6     done
  N=10  geometric   done
  N=20  ring2       done
  N=20  sparse4     done
  N=20  sparse6     done
  N=20  geometric   done
  N=50  ring2       done
  N=50  sparse4     done
  N=50  sparse6     done
  N=50  geometric   done

============================================================
Regression against EXP08A (original controller, flag off)
============================================================

  P10       expected 0.4317  got 0.4316  |d| 1.49e-04
  Causal-v3 expected 0.3541  got 0.3539  |d| 2.09e-04

  Flag is additive: EXP08A reproduces with it off.

============================================================
P10 RMSE against consensus in-degree
============================================================

topology      N    consDeg |   original normalized     change

Moderate
ring2        10       2.00 |     0.1508     0.1508       0.0%
sparse4      10       4.00 |     0.1701     0.1328     -22.0%
sparse6      10       6.00 |     0.1788     0.1261     -29.5%
geometric    10       2.00 |     0.1004     0.1098       9.3%
ring2        20       2.00 |     0.1791     0.1791       0.0%
sparse4      20       4.00 |     0.2574     0.1800     -30.1%
sparse6      20       6.00 |     0.2892     0.1682     -41.9%
geometric    20       2.63 |     0.1692     0.1550      -8.4%
ring2        50       2.00 |     0.1931     0.1931       0.0%
sparse4      50       4.00 |     0.3125     0.2062     -34.0%
sparse6      50       6.00 |     0.3868     0.1953     -49.5%
geometric    50       3.18 |     0.2518     0.1978     -21.4%

Stressed
ring2        10       2.00 |     0.2281     0.2281       0.0%
sparse4      10       4.00 |     0.2604     0.2010     -22.8%
sparse6      10       6.00 |     0.2770     0.1917     -30.8%
geometric    10       2.00 |     0.1536     0.1664       8.3%
ring2        20       2.00 |     0.2670     0.2670       0.0%
sparse4      20       4.00 |     0.3823     0.2691     -29.6%
sparse6      20       6.00 |     0.4316     0.2528     -41.4%
geometric    20       2.63 |     0.2554     0.2326      -8.9%
ring2        50       2.00 |     0.2878     0.2878       0.0%
sparse4      50       4.00 |     0.4557     0.3066     -32.7%
sparse6      50       6.00 |     0.5529     0.2903     -47.5%
geometric    50       3.18 |     0.3732     0.2942     -21.2%

============================================================
Stressed / sparse6 / N=20, the condition EXP08A failed
============================================================

controller   method             RMSE     minSep   SafeFail
original     P10              0.4316     0.1662       1.00
original     Causal-v3        0.3539     0.2438       1.00
normalized   P10              0.2528     0.3248       0.00
normalized   Causal-v3        0.2048     0.3775       0.00

  Safety threshold 0.25 m

============================================================
Conditions with SafeFail > 5%
============================================================

  original    Stressed   sparse4    N=20  P10          minSep 0.2055
  original    Stressed   sparse6    N=20  P10          minSep 0.1662
  original    Stressed   sparse6    N=20  Causal-v3    minSep 0.2438
  original    Stressed   sparse4    N=50  P10          minSep 0.2014
  original    Stressed   sparse6    N=50  P10          minSep 0.1579
  original    Stressed   sparse6    N=50  Causal-v3    minSep 0.2286
  original: 6 condition(s) breaching

  normalized: 0 condition(s) breaching


tidy.csv : 288 rows

EXP08A-D completed. Diagnostic only; no gate, no new claim.
saveAllFigures: 1 figure(s) written to D:\Research\Drone\SwarmDroneMATLAB\results\exp08ad_normalization\2026-08-21_230739\figures

============================================================
DONE : exp08ad_normalization
TIME : 27 m 54 s
FIGS : 1
DIR  : D:\Research\Drone\SwarmDroneMATLAB\results\exp08ad_normalization\2026-08-21_230739
============================================================
