
============================================================
RUN  : exp23ah_phase_reserved_diagnostic
ID   : 2026-09-06_000317
DIR  : D:\Research\Drone\SwarmDroneMATLAB\results\exp23ah_phase_reserved_diagnostic\2026-09-06_000317
WHEN : 2026-09-06 00:03:17
============================================================

  calibration seed 10 / 50; rows  50
  calibration seed 20 / 50; rows 100
  calibration seed 30 / 50; rows 150
  calibration seed 40 / 50; rows 200
  calibration seed 50 / 50; rows 250
                       arm                        nRuns    motionAuthorizationRate    reactivationRate    radialContractRate    maximumRadialRatio    maximumReliabilityBound    meanMissionRmse    minimumSeparation    safeFailures
    __________________________________________    _____    _______________________    ________________    __________________    __________________    _______________________    _______________    _________________    ____________

    {'closure-commit-blackout-emergency'     }     50                 1                      0                    1                   0.9584                0.00076032               0.14718              1.0109              0      
    {'closure-iid20-emergency'               }     50                 1                      1                    1                  0.96393                0.00076032               0.14826              1.0096              0      
    {'closure-prepare-blackout-emergency'    }     50                 0                      0                    1                  0.95837                0.00076032               0.15668              1.0246              0      
    {'closure-response-blackout-emergency'   }     50                 1                      0                    1                  0.95841                0.00076032               0.14751              1.0094              0      
    {'closure-response-blackout-no-emergency'}     50                 1                      0                    0                   6.9377                0.00076032               0.37671             0.74837              0      

EXP23AH DIAGNOSIS: PHASE_RESERVED_FIXTURE_SUPPORTED

============================================================
DONE : exp23ah_phase_reserved_diagnostic
TIME : 4 m 04 s
FIGS : 0
DIR  : D:\Research\Drone\SwarmDroneMATLAB\results\exp23ah_phase_reserved_diagnostic\2026-09-06_000317
============================================================
