
============================================================
RUN  : exp23z_local_migration_closed_loop
ID   : 2026-09-05_072640
DIR  : D:\Research\Drone\SwarmDroneMATLAB\results\exp23z_local_migration_closed_loop\2026-09-05_072640
WHEN : 2026-09-05 07:26:40
============================================================

  seed  1 / 20; rows   6 / 120
  seed  2 / 20; rows  12 / 120
  seed  3 / 20; rows  18 / 120
  seed  4 / 20; rows  24 / 120
  seed  5 / 20; rows  30 / 120
  seed  6 / 20; rows  36 / 120
  seed  7 / 20; rows  42 / 120
  seed  8 / 20; rows  48 / 120
  seed  9 / 20; rows  54 / 120
  seed 10 / 20; rows  60 / 120
  seed 11 / 20; rows  66 / 120
  seed 12 / 20; rows  72 / 120
  seed 13 / 20; rows  78 / 120
  seed 14 / 20; rows  84 / 120
  seed 15 / 20; rows  90 / 120
  seed 16 / 20; rows  96 / 120
  seed 17 / 20; rows 102 / 120
  seed 18 / 20; rows 108 / 120
  seed 19 / 20; rows 114 / 120
  seed 20 / 20; rows 120 / 120

EXP23Z graph-input closed-loop gates
  [PASS] registry_frozen                         hash 67631229 over 79 leaves
  [PASS] parent_evidence_valid                   EXP23X kernel and EXP23Y common-PHY parents valid
  [PASS] matrix_complete_unique                  120/120 unique rows
  [PASS] exact_matrix_coverage                   20 seeds and six paired arms exact
  [PASS] paired_realizations                     channel field pairs within condition; geometry/event pair by seed
  [PASS] geometry_selector_stimulus              one incident edge forces UAV 10 from slot 7 to slot 9
  [PASS] geometry_scope_boundary                 graph-input executor cannot claim online plant-tube coupling
  [PASS] causal_instrumentation                  zero future-random and receiver-truth decision reads
  [PASS] clock_timing_valid                      all migration schedules remain safe under paired affine clocks
  [PASS] exact_closed_loop_replay                DATA receiver outcomes and continuous replay close exactly
  [PASS] control_airtime_accounting              management attempts, bytes and exact airtime close
  [PASS] supported_collision_safety              all periodic and supported migration runs are collision-free
  [PASS] normal_reacquisition                    60/60 normal migration rows reacquire
  [PASS] response_blackout_fail_silent           permanent RESPONSE blackout remains silent
  [PASS] revoke_loss_independence                REVOKE delivery cannot alter local suppression or reuse history
  [FAIL] closed_loop_safety                      zero safety and divergence failures in the development matrix
                    arm                    meanRMSE    meanCost    safeFailureRate    reacquisitionRate
    ___________________________________    ________    ________    _______________    _________________

    "periodic-zero"                        0.063133      0.256            0                  NaN       
    "migration-zero"                         0.0615    0.24371            0                    1       
    "periodic-iid20"                       0.082558      0.256            0                  NaN       
    "migration-iid20"                      0.084018    0.24348            0                    1       
    "migration-iid20-revoke-blackout"      0.084018    0.24348            0                    1       
    "migration-iid20-response-blackout"     0.17775    0.24962            1                    0       

                 candidate                     reference        nPairs    relativeRmse    rmseDelta      rmseCiLo      rmseCiHi     relativeCost    costDelta    costCiLo     costCiHi 
    ___________________________________    _________________    ______    ____________    __________    __________    __________    ____________    _________    _________    _________

    "migration-zero"                       "periodic-zero"        20       -0.025877      -0.0016337    -0.0016697    -0.0015951     -0.048021      -0.012293    -0.012293    -0.012293
    "migration-iid20"                      "periodic-iid20"       20        0.017674       0.0014591    0.00035027     0.0025914     -0.048911      -0.012521    -0.012597    -0.012445
    "migration-iid20-revoke-blackout"      "migration-iid20"      20               0               0             0             0             0              0            0            0
    "migration-iid20-response-blackout"    "migration-iid20"      20          1.1156        0.093732      0.092717      0.094796      0.025221      0.0061408    0.0058765    0.0064109

EXP23Z DECISION: LOCAL_MIGRATION_GRAPH_INPUT_CLOSED_LOOP_INVALID

============================================================
DONE : exp23z_local_migration_closed_loop
TIME : 2 m 41 s
FIGS : 0
DIR  : D:\Research\Drone\SwarmDroneMATLAB\results\exp23z_local_migration_closed_loop\2026-09-05_072640
============================================================
