
============================================================
RUN  : exp09a_n10_secondary
ID   : 2026-08-26_211138
DIR  : D:\Research\Drone\SwarmDroneMATLAB\results\exp09a_n10_secondary\2026-08-26_211138
WHEN : 2026-08-26 21:11:38
============================================================


============================================================
EXP09A networked multi-UAV 6-DOF
============================================================

N = 10 | topology = ring2 | outer 50 Hz | inner 500 Hz | ratio 10:1
Seeds 20 | sims 480
ensureParallelPool: starting pool with 16 workers...
Starting parallel pool (parpool) using the 'Processes' profile ...
Connected to parallel pool with 16 workers.
ensureParallelPool: pool ready (16 workers).

--- Clean ---
  DI     P10           done
  DI     P20           done
  DI     State-event   done
  DI     Causal-v3     done
  6DOF   P10           done
  6DOF   P20           done
  6DOF   State-event   done
  6DOF   Causal-v3     done

--- Moderate ---
  DI     P10           done
  DI     P20           done
  DI     State-event   done
  DI     Causal-v3     done
  6DOF   P10           done
  6DOF   P20           done
  6DOF   State-event   done
  6DOF   Causal-v3     done

--- Stressed ---
  DI     P10           done
  DI     P20           done
  DI     State-event   done
  DI     Causal-v3     done
  6DOF   P10           done
  6DOF   P20           done
  6DOF   State-event   done
  6DOF   Causal-v3     done

============================================================
CRN trace identity between DI and 6-DOF
============================================================

  forward trace hash DI == 6DOF : 1
  reverse trace hash DI == 6DOF : 1

============================================================
DI vs 6-DOF
============================================================

Scenario   Method         DI RMSE   6DOF RMSE   delta%  DI DATA Hz  6DOF DATA Hz   delta%     dAoI%
Clean      P10             0.0547      0.0568     3.84      230.00        230.00     0.00      0.00
Clean      P20             0.0333      0.0402    20.82      460.00        460.00     0.00      0.00
Clean      State-event     0.1310      0.1289    -1.57       97.43         97.93     0.51     -0.16
Clean      Causal-v3       0.0606      0.0652     7.55      193.03        193.13     0.05      0.00

Moderate   P10             0.1504      0.1541     2.49      230.00        230.00     0.00      0.00
Moderate   P20             0.1146      0.1189     3.71      460.00        460.00     0.00      0.00
Moderate   State-event     0.2622      0.2658     1.37       94.50         95.06     0.60      0.14
Moderate   Causal-v3       0.1371      0.1395     1.80      304.76        308.01     1.07     -0.66

Stressed   P10             0.2278      0.2311     1.43      230.00        230.00     0.00      0.00
Stressed   P20             0.1730      0.1768     2.18      460.00        460.00     0.00      0.00
Stressed   State-event     0.3969      0.3959    -0.25       90.53         91.20     0.74     -0.66
Stressed   Causal-v3       0.1840      0.1871     1.73      406.03        407.30     0.31     -0.14

============================================================
6-DOF diagnostics
============================================================

Scenario   Method           RMSE      std   maxErr   minSep    rollPk   pitchPk   thrSat%   torqSat%   pdSat%   effort
Clean      P10            0.0568   0.0000   0.0865   0.5269      9.62     12.32     0.000      0.000    0.000    1.015
Clean      P20            0.0402   0.0000   0.0758   0.5482      9.36     12.09     0.000      0.000    0.000    1.015
Clean      State-event    0.1289   0.0000   0.1741   0.4352      9.43     12.35     0.000      0.000    0.000    1.015
Clean      Causal-v3      0.0652   0.0000   0.0946   0.5163      9.58     12.23     0.000      0.000    0.000    1.015

Moderate   P10            0.1541   0.0010   0.2206   0.4045      9.82     13.05     0.000      0.000    0.000    1.015
Moderate   P20            0.1189   0.0003   0.1682   0.4489      9.82     12.87     0.000      0.000    0.000    1.015
Moderate   State-event    0.2658   0.0041   0.3918   0.2587      9.90     13.07     0.000      0.000    0.000    1.015
Moderate   Causal-v3      0.1395   0.0005   0.1974   0.4237      9.82     12.78     0.000      0.000    0.000    1.015

Stressed   P10            0.2311   0.0028   0.3255   0.3092      9.93     13.43     0.000      0.000    0.000    1.015
Stressed   P20            0.1768   0.0007   0.2528   0.3766      9.90     13.20     0.000      0.000    0.000    1.015
Stressed   State-event    0.3959   0.0066   0.5995   0.1073      9.96     13.52     0.000      0.000    0.000    1.015
Stressed   Causal-v3      0.1871   0.0010   0.2651   0.3637      9.95     13.26     0.000      0.000    0.000    1.015

Scenario   Method          DATA Hz     ACK Hz    trueAoI     estAoI    hardRat   adaptRat  refrRat     nDiv
Clean      P10              230.00        NaN     0.0500        NaN        NaN        NaN      NaN        0
Clean      P20              460.00        NaN     0.0260        NaN        NaN        NaN      NaN        0
Clean      State-event       97.93        NaN     0.1295        NaN        NaN        NaN      NaN        0
Clean      Causal-v3        193.13     193.13     0.0600     0.0800      0.065      0.906    0.028        0

Moderate   P10              230.00        NaN     0.1549        NaN        NaN        NaN      NaN        0
Moderate   P20              460.00        NaN     0.1181        NaN        NaN        NaN      NaN        0
Moderate   State-event       95.06        NaN     0.2753        NaN        NaN        NaN      NaN        0
Moderate   Causal-v3        308.01     246.22     0.1406     0.2196      0.001      0.998    0.001        0

Stressed   P10              230.00        NaN     0.2366        NaN        NaN        NaN      NaN        0
Stressed   P20              460.00        NaN     0.1786        NaN        NaN        NaN      NaN        0
Stressed   State-event       91.20        NaN     0.4379        NaN        NaN        NaN      NaN        0
Stressed   Causal-v3        407.30     243.45     0.1898     0.3099      0.001      0.999    0.000        0

============================================================
EXP09A acceptance gates
============================================================

    Clean     sign(Causal-P10) DI +1 -> 6DOF +1 | sign(Causal-P20) DI +1 -> 6DOF +1
    Moderate  sign(Causal-P10) DI -1 -> 6DOF -1 | sign(Causal-P20) DI +1 -> 6DOF +1
    Stressed  sign(Causal-P10) DI -1 -> 6DOF -1 | sign(Causal-P20) DI +1 -> 6DOF +1

  [PASS ] G1 Stability: 0 NaN, 0 DIVERGED            0 diverged of 240 6-DOF runs
  [PASS ] G2 Clean SafeFail = 0                      0.0%
  [PASS ] G3 Moderate SafeFail = 0                   0.0%
  [PASS ] G4 Stressed SafeFail <= 5%                 0.0%
  [PASS ] G5 Saturation Clean<1% Stressed<5%         Clean 0.000%, Stressed 0.000%
  [PASS ] G6 RMSE(Causal) < RMSE(State-event)        0 of 3 scenarios fail
  [PASS ] G7 sign preserved >= 2/3 vs P10 AND P20    P10 3/3, P20 3/3

  EXP09A N=10 secondary: all 7/7 gate-equivalents met

tidy.csv : 480 rows

EXP09A completed.
saveAllFigures: no open figures.

============================================================
DONE : exp09a_n10_secondary
TIME : 4 m 37 s
FIGS : 0
DIR  : D:\Research\Drone\SwarmDroneMATLAB\results\exp09a_n10_secondary\2026-08-26_211138
============================================================
