
============================================================
RUN  : exp07a_causal_ack
ID   : 2026-08-21_202017
DIR  : D:\Research\Drone\SwarmDroneMATLAB\results\exp07a_causal_ack\2026-08-21_202017
WHEN : 2026-08-21 20:20:17
============================================================


============================================================
EXP07A explicit causal ACK
============================================================

Seeds          : 20
Channels       : 12
epsP / epsV    : 0.050 m / 0.100 m/s
AoI threshold  : 0.120 s
AoI cooldown   : 0.100 s
Max silence    : 0.500 s
ACK channel    : symmetric with forward, no loss
ensureParallelPool: starting pool with 16 workers...
Starting parallel pool (parpool) using the 'Processes' profile ...

ensureParallelPool: unavailable (Parallel pool failed to start with the following error. For more detailed information, validate the profile 'Processes' in the Cluster Profile Manager.). Running serially.

------------------------------------------------------------
Clean | loss 0 % | delay 0 ms
------------------------------------------------------------
  P10         [Warning: The temporary variable 'out' will be cleared at the beginning of each iteration of the parfor-loop. If 'out' is used before it is set, a runtime error will occur. For more information, see Parallel for Loops in MATLAB, "Uninitialized Temporaries".] 
[> In exp07a_causal_ack (line 276)] 
Starting parallel pool (parpool) using the 'Processes' profile ...
Connected to parallel pool with 16 workers.
 done
  P20          done
  A1 State-event done
  Ideal-AoI    done
  A2c Fixed-OL done
  A3c Adapt-OL done
  A4c Dual-mem done
  A5c Innov-pri done

------------------------------------------------------------
Moderate | loss 20 % | delay 80 ms
------------------------------------------------------------
  P10          done
  P20          done
  A1 State-event done
  Ideal-AoI    done
  A2c Fixed-OL done
  A3c Adapt-OL done
  A4c Dual-mem done
  A5c Innov-pri done

------------------------------------------------------------
Stressed | loss 40 % | delay 120 ms
------------------------------------------------------------
  P10          done
  P20          done
  A1 State-event done
  Ideal-AoI    done
  A2c Fixed-OL done
  A3c Adapt-OL done
  A4c Dual-mem done
  A5c Innov-pri done

============================================================
Results
============================================================

Scenario   Method           RMSE      Std  Data[Hz]   ACK[Hz]   AoI[s] FormFail SafeFail
Clean      P10            0.0345   0.0000     10.00      0.00    0.050     0.00     0.00
Clean      P20            0.0212   0.0000     20.00      0.00    0.026     0.00     0.00
Clean      A1 State-event   0.0792   0.0000      4.33      0.00    0.130     0.00     0.00
Clean      Ideal-AoI      0.0377   0.0000      8.41      0.00    0.060     0.00     0.00
Clean      A2c Fixed-OL   0.0444   0.0000      7.42      7.42    0.070     0.00     0.00
Clean      A3c Adapt-OL   0.0377   0.0000      8.41      8.41    0.060     0.00     0.00
Clean      A4c Dual-mem   0.0377   0.0000      8.41      8.41    0.060     0.00     0.00
Clean      A5c Innov-pri   0.0383   0.0000      8.44      8.44    0.060     0.00     0.00

Moderate   P10            0.0956   0.0011     10.00      0.00    0.155     0.00     0.00
Moderate   P20            0.0729   0.0003     20.00      0.00    0.118     0.00     0.00
Moderate   A1 State-event   0.1670   0.0036      4.29      0.00    0.274     1.00     0.00
Moderate   Ideal-AoI      0.0976   0.0006     11.20      0.00    0.158     0.00     0.00
Moderate   A2c Fixed-OL   0.1135   0.0017      7.47      5.97    0.184     1.00     0.00
Moderate   A3c Adapt-OL   0.1059   0.0013      8.29      6.60    0.172     1.00     0.00
Moderate   A4c Dual-mem   0.1010   0.0012      9.07      7.23    0.164     0.85     0.00
Moderate   A5c Innov-pri   0.0875   0.0006     13.35     10.67    0.142     0.00     0.00

Stressed   P10            0.1462   0.0023     10.00      0.00    0.237     1.00     0.00
Stressed   P20            0.1101   0.0009     20.00      0.00    0.179     1.00     0.00
Stressed   A1 State-event   0.2581   0.0093      4.21      0.00    0.429     1.00     0.05
Stressed   Ideal-AoI      0.1306   0.0005     15.80      0.00    0.212     1.00     0.00
Stressed   A2c Fixed-OL   0.1719   0.0034      7.47      4.49    0.280     1.00     0.00
Stressed   A3c Adapt-OL   0.1612   0.0030      8.16      4.90    0.263     1.00     0.00
Stressed   A4c Dual-mem   0.1545   0.0025      9.07      5.46    0.248     1.00     0.00
Stressed   A5c Innov-pri   0.1170   0.0011     18.24     10.94    0.189     1.00     0.00

============================================================
Causality invariants (Causal-AoI)
============================================================

  ackBeforeAcceptCount       0
  ackForDroppedDataCount     0
  senderRollbackCount        0
  futureGenTimeCount         0
  staleAckAcceptedCount      0
  unknownSeqAckCount         0
  newInfoBypassWithoutInnovation 0
  refreshWhileUsefulPacketInFlight 0

  TOTAL                      0
  staleAckDiscarded (expected>0 only under jitter) 0

============================================================
Trigger composition (AoI arms only)
============================================================

Scenario   Method          posTrig    aoiTrig  meanScale    trueAoI     estAoI
Clean      Ideal-AoI         0.070      0.921      0.496      0.060        NaN
Clean      A5c Innov-pri      0.070      0.904      0.496      0.060      0.080

Moderate   Ideal-AoI         0.342      0.631      0.407      0.158        NaN
Moderate   A5c Innov-pri      0.000      0.996      0.283      0.142      0.221

Stressed   Ideal-AoI         0.617      0.357      0.331      0.212        NaN
Stressed   A5c Innov-pri      0.000      0.997      0.202      0.189      0.309


============================================================
Protocol diagnostics (causal arms)
============================================================

Scenario   Method            supprInFlt   meanOutst   maxOutst ackCumGain    dupAck
Clean      A2c Fixed-OL           0.000       0.000          0      1.000         0
Clean      A3c Adapt-OL           0.000       0.000          0      1.001         0
Clean      A5c Innov-pri          0.000       0.000          0      1.002         0

Moderate   A2c Fixed-OL           0.336       1.293          8      1.252         0
Moderate   A3c Adapt-OL           0.342       1.405          9      1.254         0
Moderate   A5c Innov-pri          0.144       2.099         10      1.250         0

Stressed   A2c Fixed-OL           0.769       2.293         14      1.661         0
Stressed   A3c Adapt-OL           0.802       2.435         12      1.661         0
Stressed   A5c Innov-pri          0.623       4.649         19      1.665         0


============================================================
v3 branch composition (A5c)
============================================================

Scenario     hardInn  adaptNew   refresh   timeout    cdBlocked  inFlightBlk
Clean          0.079     0.904     0.017     0.000            0            0
Moderate       0.004     0.996     0.000     0.000        10236        10238
Stressed       0.003     0.997     0.000     0.000         7457         7457

  aoiMinInterTx still regulates refresh: OK
============================================================
Causal ablation: A1 -> A2c -> A3c -> A4c
============================================================

Clean
  A1 -> A2c  AoI coupling      RMSE  +43.93 % | rate  +3.09 Hz
  A2c -> A3c adaptive scale    RMSE  +15.04 % | rate  +0.99 Hz
  A3c -> A4c real feedback     RMSE   +0.00 % | rate  +0.00 Hz
  A4c -> A5c innovation split  RMSE   -1.52 % | rate  +0.03 Hz

Moderate
  A1 -> A2c  AoI coupling      RMSE  +32.02 % | rate  +3.18 Hz
  A2c -> A3c adaptive scale    RMSE   +6.70 % | rate  +0.82 Hz
  A3c -> A4c real feedback     RMSE   +4.63 % | rate  +0.78 Hz
  A4c -> A5c innovation split  RMSE  +13.41 % | rate  +4.28 Hz

Stressed
  A1 -> A2c  AoI coupling      RMSE  +33.38 % | rate  +3.26 Hz
  A2c -> A3c adaptive scale    RMSE   +6.24 % | rate  +0.69 Hz
  A3c -> A4c real feedback     RMSE   +4.14 % | rate  +0.91 Hz
  A4c -> A5c innovation split  RMSE  +24.29 % | rate  +9.17 Hz


============================================================
EXP07A acceptance gates
============================================================

  [PASS] Causality: 6 invariants = 0                0 violation(s)
  [PASS] Clean: |Causal-Ideal|/Ideal <= 2%          1.515 %
  [PASS] Moderate: Causal <= 1.10 x P10             0.0875 vs 0.0956  (ratio 0.915)
  [PASS] Stressed: Causal < P10                     0.1170 vs 0.1462
  [PASS] Moderate: Causal < State-event             0.0875 vs 0.1670
  [PASS] Stressed: Causal < State-event             0.1170 vs 0.2581
  [PASS] Rate ordering: Clean < Moderate < Stressed 8.44 < 13.35 < 18.24 Hz
  [PASS] Rate ceiling: Stressed data rate <= 20 Hz  18.24 Hz
  [PASS] Safety: SafeFail = 0 in all scenarios      max 0.00

  EXP07A GATES: ALL PASS (9/9)

tidy.csv : 480 rows

EXP07A completed.
saveAllFigures: 3 figure(s) written to D:\Research\Drone\SwarmDroneMATLAB\results\exp07a_causal_ack\2026-08-21_202017\figures

============================================================
DONE : exp07a_causal_ack
TIME : 2 m 13 s
FIGS : 3
DIR  : D:\Research\Drone\SwarmDroneMATLAB\results\exp07a_causal_ack\2026-08-21_202017
============================================================
