
============================================================
RUN  : tcns_true_branch_value_diagnostic
ID   : 2026-09-07_121250
DIR  : D:\Research\Drone\SwarmDroneMATLAB\results\tcns_true_branch_value_diagnostic\2026-09-07_121250
WHEN : 2026-09-07 12:12:50
============================================================

  S2 seed 27020001: 20 paired actions complete
  S2 seed 27020002: 20 paired actions complete
  S2 seed 27020003: 20 paired actions complete
  S2 seed 27020004: 20 paired actions complete
  S2 seed 27020005: 20 paired actions complete
  S6 seed 27020001: 20 paired actions complete
  S6 seed 27020002: 20 paired actions complete
  S6 seed 27020003: 20 paired actions complete
  S6 seed 27020004: 20 paired actions complete
  S6 seed 27020005: 20 paired actions complete
saveAllFigures: 1 figure(s) written to D:\Research\Drone\SwarmDroneMATLAB\results\tcns_true_branch_value_diagnostic\2026-09-07_121250\figures

True branch-at-decision value diagnostic
    scenarioId    correlationTotal    correlationIsolated    correlationGain    topQuartileMeanRealizedBenefit    bottomQuartileMeanRealizedBenefit    topQuartilePositiveFraction    predictionGate    incrementalInformationGate    positiveHeadroomGate    rankingHeadroomGate    scenarioPass
    __________    ________________    ___________________    _______________    ______________________________    _________________________________    ___________________________    ______________    __________________________    ____________________    ___________________    ____________

       "S2"           0.66773               0.37708              0.29065                  0.0013986                          -0.00044252                            1                     true                    true                       true                    true               true     
       "S6"           0.56451               0.28495              0.27956                  0.0016905                           0.00037909                            1                     true                    true                       true                    true               true     

Technical status: PASS
Scientific decision: BRANCH_SIGNAL_VALID
Results: D:\Research\Drone\SwarmDroneMATLAB\results\tcns_true_branch_value_diagnostic\2026-09-07_121250

============================================================
DONE : tcns_true_branch_value_diagnostic
TIME : 54.7 s
FIGS : 1
DIR  : D:\Research\Drone\SwarmDroneMATLAB\results\tcns_true_branch_value_diagnostic\2026-09-07_121250
============================================================
