
============================================================
RUN  : exp23aj_routed_management_diagnostic
ID   : 2026-09-06_070738
DIR  : D:\Research\Drone\SwarmDroneMATLAB\results\exp23aj_routed_management_diagnostic\2026-09-06_070738
WHEN : 2026-09-06 07:07:38
============================================================

  structural N=5, spatial-reuse-lower-bound           complete
  structural N=5, complete-interference-upper-bound   complete
  structural N=10, spatial-reuse-lower-bound           complete
  structural N=10, complete-interference-upper-bound   complete
  structural N=20, spatial-reuse-lower-bound           complete
  structural N=20, complete-interference-upper-bound   complete
  Monte Carlo N=5, spatial-reuse-lower-bound           source=3: 1490/10000 failures
  Monte Carlo N=5, complete-interference-upper-bound   source=3: 1466/10000 failures
  Monte Carlo N=10, spatial-reuse-lower-bound           source=3: 3047/10000 failures
  Monte Carlo N=10, complete-interference-upper-bound   source=3: 3072/10000 failures
  Monte Carlo N=20, spatial-reuse-lower-bound           source=3: 5412/10000 failures
  Monte Carlo N=20, complete-interference-upper-bound   source=3: 5408/10000 failures

EXP23AJ routed-management gates
  [PASS] registry_and_valid_parent                      registry 36208820/36 leaves; retained parent 28/28
  [PASS] structural_matrix_complete_unique              210/210 unique structural rows
  [PASS] connected_direct_graph_and_finite_ttl          maximum observed diameter 4 and route depth 4
  [PASS] one_parent_tree_duplicate_suppression          all all-node routes are one-parent trees; duplicate forwards zero
  [PASS] receiver_conflict_coloring                     zero collisions over 210 no-loss structural replays
  [PASS] causal_depth_schedule                          every forwarding parent is scheduled before its relay child
  [PASS] minimum_integer_repetition                     selected repetition range 3--9
  [PASS] exact_route_reliability_target                 maximum exact logical-packet failure 0.000874513064
  [PASS] analytical_union_bound_ordering                maximum union upper bound 0.0008748
  [PASS] no_loss_replay_delivery                        all intended recipients receive; all planned relays execute
  [FAIL] integer_bytes_and_derived_airtime              maximum exact physical bytes 9504
  [PASS] upstream_erasure_causal_silence                erasing every source-child link suppresses all descendant relays
  [PASS] monte_carlo_probability_replay                 maximum absolute probability error 0.004053 vs tolerance 0.025022
  [PASS] semantic_recipient_contract                    25/25 exact sender-kind recipient sets; 1 local-only
  [FAIL] semantic_routes_reliable_and_accounted         maximum semantic duration 0.124899 s; maximum attempts 30
  [PASS] negative_accounting_and_efficiency_comparators logical-clique undercount up to 99x; hop-local saves up to 264 slots
  [PASS] diagnostic_scope_not_promoted                  primitive evidence only; all downstream claim flags remain false

Structural worst cases by size and interference
    N              interferenceMode              GroupCount    max_maximumRecipientDepth    max_maximumPhysicalAttempts    max_reservedSlotCount    max_reservedDurationSec
    __    ___________________________________    __________    _________________________    ___________________________    _____________________    _______________________

     5    "complete-interference-upper-bound"        15                    2                            21                          21                      0.12541        
     5    "spatial-reuse-lower-bound"                15                    2                            21                          14                      0.08361        
    10    "complete-interference-upper-bound"        30                    4                            48                          48                      0.28666        
    10    "spatial-reuse-lower-bound"                30                    4                            48                          32                      0.19111        
    20    "complete-interference-upper-bound"        60                    4                            99                          99                      0.59124        
    20    "spatial-reuse-lower-bound"                60                    4                            99                          36                        0.215        

    N              interferenceMode              source       seed        planHash     trials    failures    linkErasureProbability    repetitionsPerHop    failureProbabilityExact    failureProbabilityEmpirical    absoluteError    registeredTolerance    probabilityAgreement    meanPhysicalAttempts    maximumObservedAttempts    analyticalAttemptBound    attemptBoundSatisfied    collisionRecipients    duplicateForwards    forbiddenReads
    __    ___________________________________    ______    __________    __________    ______    ________    ______________________    _________________    _______________________    ___________________________    _____________    ___________________    ____________________    ____________________    _______________________    ______________________    _____________________    ___________________    _________________    ______________

     5    "spatial-reuse-lower-bound"              3       1.6095e+07         63921    10000       1490               0.2                      2                    0.15065                       0.149                 0.0016534           0.017986                   1                       5.84                      6                          6                        1                       0                     0                  0       
     5    "complete-interference-upper-bound"      3       1.6095e+07         65963    10000       1466               0.2                      2                    0.15065                      0.1466                 0.0040534           0.017986                   1                     5.8432                      6                          6                        1                       0                     0                  0       
    10    "spatial-reuse-lower-bound"              3       1.6095e+07    7.6183e+05    10000       3047               0.2                      2                    0.30747                      0.3047                  0.002766           0.023172                   1                     11.251                     12                         12                        1                       0                     0                  0       
    10    "complete-interference-upper-bound"      3       1.6095e+07    8.0132e+05    10000       3072               0.2                      2                    0.30747                      0.3072                  0.000266           0.023172                   1                     11.224                     12                         12                        1                       0                     0                  0       
    20    "spatial-reuse-lower-bound"              3       1.6095e+07    1.0503e+07    10000       5412               0.2                      2                    0.53958                      0.5412                 0.0016192           0.025022                   1                     20.064                     22                         22                        1                       0                     0                  0       
    20    "complete-interference-upper-bound"      3       1.6095e+07    1.1174e+07    10000       5408               0.2                      2                    0.53958                      0.5408                 0.0012192           0.025022                   1                     20.093                     22                         22                        1                       0                     0                  0       

EXP23AJ DECISION: ROUTED_MANAGEMENT_PRIMITIVE_DIAGNOSTIC_INVALID

============================================================
DONE : exp23aj_routed_management_diagnostic
TIME : 20.5 s
FIGS : 0
DIR  : D:\Research\Drone\SwarmDroneMATLAB\results\exp23aj_routed_management_diagnostic\2026-09-06_070738
============================================================
