
============================================================
RUN  : exp09a_multiuav_6dof
ID   : 2026-08-26_210040
DIR  : D:\Research\Drone\SwarmDroneMATLAB\results\exp09a_multiuav_6dof\2026-08-26_210040
WHEN : 2026-08-26 21:00:40
============================================================


============================================================
EXP09A networked multi-UAV 6-DOF
============================================================

N = 5 | topology = ring2 | outer 50 Hz | inner 500 Hz | ratio 10:1
Seeds 3 | sims 72
ensureParallelPool: starting pool with 3 workers...
Starting parallel pool (parpool) using the 'Processes' profile ...
Connected to parallel pool with 3 workers.
ensureParallelPool: pool ready (3 workers).

--- Clean ---
  DI     P10           done
  DI     P20           done
  DI     State-event   done
  DI     Causal-v3     done
  6DOF   P10           done
  6DOF   P20           done
  6DOF   State-event   done
  6DOF   Causal-v3     done

--- Moderate ---
  DI     P10           done
  DI     P20           done
  DI     State-event   done
  DI     Causal-v3     done
  6DOF   P10           done
  6DOF   P20           done
  6DOF   State-event   done
  6DOF   Causal-v3     done

--- Stressed ---
  DI     P10           done
  DI     P20           done
  DI     State-event   done
  DI     Causal-v3     done
  6DOF   P10           done
  6DOF   P20           done
  6DOF   State-event   done
  6DOF   Causal-v3     done

============================================================
CRN trace identity between DI and 6-DOF
============================================================

  forward trace hash DI == 6DOF : 1
  reverse trace hash DI == 6DOF : 1

============================================================
DI vs 6-DOF
============================================================

Scenario   Method         DI RMSE   6DOF RMSE   delta%  DI DATA Hz  6DOF DATA Hz   delta%     dAoI%
Clean      P10             0.0345      0.0361     4.46      100.00        100.00     0.00      0.00
Clean      P20             0.0212      0.0254    19.90      200.00        200.00     0.00      0.00
Clean      State-event     0.0792      0.0823     3.87       43.27         43.43     0.39      0.05
Clean      Causal-v3       0.0383      0.0414     7.99       84.37         84.47     0.12      0.04

Moderate   P10             0.0950      0.0971     2.17      100.00        100.00     0.00      0.00
Moderate   P20             0.0731      0.0755     3.36      200.00        200.00     0.00      0.00
Moderate   State-event     0.1687      0.1696     0.58       42.92         43.21     0.67     -1.41
Moderate   Causal-v3       0.0880      0.0897     1.92      133.94        135.30     1.01     -0.38

Stressed   P10             0.1444      0.1462     1.21      100.00        100.00     0.00      0.00
Stressed   P20             0.1099      0.1120     1.84      200.00        200.00     0.00      0.00
Stressed   State-event     0.2518      0.2555     1.47       42.10         42.51     0.98      0.08
Stressed   Causal-v3       0.1166      0.1189     1.95      182.20        182.88     0.37      0.14

============================================================
6-DOF diagnostics
============================================================

Scenario   Method           RMSE      std   maxErr   minSep    rollPk   pitchPk   thrSat%   torqSat%   pdSat%   effort
Clean      P10            0.0361   0.0000   0.0492   0.5523      9.64     12.32     0.000      0.000    0.000    1.015
Clean      P20            0.0254   0.0000   0.0390   0.5684      9.41     12.09     0.000      0.000    0.000    1.015
Clean      State-event    0.0823   0.0000   0.1042   0.4974      9.47     12.35     0.000      0.000    0.000    1.015
Clean      Causal-v3      0.0414   0.0000   0.0550   0.5456      9.61     12.23     0.000      0.000    0.000    1.015

Moderate   P10            0.0971   0.0003   0.1276   0.4751      9.79     13.06     0.000      0.000    0.000    1.015
Moderate   P20            0.0755   0.0004   0.0983   0.5031      9.79     12.84     0.000      0.000    0.000    1.015
Moderate   State-event    0.1696   0.0014   0.2511   0.3979      9.89     13.15     0.000      0.000    0.000    1.015
Moderate   Causal-v3      0.0897   0.0004   0.1172   0.4858      9.81     12.77     0.000      0.000    0.000    1.015

Stressed   P10            0.1462   0.0008   0.1957   0.4210      9.94     13.31     0.000      0.000    0.000    1.015
Stressed   P20            0.1120   0.0004   0.1459   0.4602      9.93     13.11     0.000      0.000    0.000    1.015
Stressed   State-event    0.2555   0.0109   0.4039   0.2759      9.96     13.38     0.000      0.000    0.000    1.015
Stressed   Causal-v3      0.1189   0.0008   0.1531   0.4508      9.95     13.17     0.000      0.000    0.000    1.015

Scenario   Method          DATA Hz     ACK Hz    trueAoI     estAoI    hardRat   adaptRat  refrRat     nDiv
Clean      P10              100.00        NaN     0.0500        NaN        NaN        NaN      NaN        0
Clean      P20              200.00        NaN     0.0260        NaN        NaN        NaN      NaN        0
Clean      State-event       43.43        NaN     0.1301        NaN        NaN        NaN      NaN        0
Clean      Causal-v3         84.47      84.47     0.0600     0.0801      0.085      0.901    0.014        0

Moderate   P10              100.00        NaN     0.1532        NaN        NaN        NaN      NaN        0
Moderate   P20              200.00        NaN     0.1181        NaN        NaN        NaN      NaN        0
Moderate   State-event       43.21        NaN     0.2745        NaN        NaN        NaN      NaN        0
Moderate   Causal-v3        135.30     107.53     0.1421     0.2211      0.001      0.999    0.000        0

Stressed   P10              100.00        NaN     0.2339        NaN        NaN        NaN      NaN        0
Stressed   P20              200.00        NaN     0.1786        NaN        NaN        NaN      NaN        0
Stressed   State-event       42.51        NaN     0.4265        NaN        NaN        NaN      NaN        0
Stressed   Causal-v3        182.88     110.80     0.1896     0.3094      0.001      0.999    0.000        0

============================================================
EXP09A acceptance gates
============================================================

    Clean     sign(Causal-P10) DI +1 -> 6DOF +1 | sign(Causal-P20) DI +1 -> 6DOF +1
    Moderate  sign(Causal-P10) DI -1 -> 6DOF -1 | sign(Causal-P20) DI +1 -> 6DOF +1
    Stressed  sign(Causal-P10) DI -1 -> 6DOF -1 | sign(Causal-P20) DI +1 -> 6DOF +1

  [PASS ] G1 Stability: 0 NaN, 0 DIVERGED            0 diverged of 36 6-DOF runs
  [PASS ] G2 Clean SafeFail = 0                      0.0%
  [PASS ] G3 Moderate SafeFail = 0                   0.0%
  [DEFER] G4 Stressed SafeFail <= 5%                 0.0% at 3 seeds - NOT EVALUABLE
  [PASS ] G5 Saturation Clean<1% Stressed<5%         Clean 0.000%, Stressed 0.000%
  [PASS ] G6 RMSE(Causal) < RMSE(State-event)        0 of 3 scenarios fail
  [PASS ] G7 sign preserved >= 2/3 vs P10 AND P20    P10 3/3, P20 3/3

  EXP09A GATES: 6 PASS, 0 FAIL, 1 DEFERRED to the 20-seed run

tidy.csv : 72 rows

EXP09A completed.
saveAllFigures: no open figures.

============================================================
DONE : exp09a_multiuav_6dof
TIME : 1 m 13 s
FIGS : 0
DIR  : D:\Research\Drone\SwarmDroneMATLAB\results\exp09a_multiuav_6dof\2026-08-26_210040
============================================================
