
============================================================
RUN  : exp07b_ack_impairment
ID   : 2026-08-21_205247
DIR  : D:\Research\Drone\SwarmDroneMATLAB\results\exp07b_ack_impairment\2026-08-21_205247
WHEN : 2026-08-21 20:52:48
============================================================


============================================================
EXP07B ACK channel impairment
============================================================

Seeds        : 3
ACK cells    : 12 per scenario
Total sims   : 216

Policy is LOCKED and identical everywhere:
  epsP 0.05 | epsV 0.10 | AoIth 0.12 | cooldown 0.10 | maxSilence 0.50

ensureParallelPool: starting pool with 3 workers...
Starting parallel pool (parpool) using the 'Processes' profile ...
Connected to parallel pool with 3 workers.
ensureParallelPool: pool ready (3 workers).

------------------------------------------------------------
Moderate | DATA loss 20 % | DATA delay 80 ms
------------------------------------------------------------
  reliable      ackLoss   0% ackDelay    80 ms jitter   0 ms[Warning: The temporary variable 'out' will be cleared at the beginning of each iteration of the parfor-loop. If 'out' is used before it is set, a runtime error will occur. For more information, see Parallel for Loops in MATLAB, "Uninitialized Temporaries".] 
[> In exp07b_ack_impairment (line 274)] 
  done
  L0  D40       ackLoss   0% ackDelay   120 ms jitter   0 ms  done
  L0  D80       ackLoss   0% ackDelay   160 ms jitter   0 ms  done
  L10 D0        ackLoss  10% ackDelay    80 ms jitter   0 ms  done
  L10 D40       ackLoss  10% ackDelay   120 ms jitter   0 ms  done
  L10 D80       ackLoss  10% ackDelay   160 ms jitter   0 ms  done
  L20 D0        ackLoss  20% ackDelay    80 ms jitter   0 ms  done
  L20 D40       ackLoss  20% ackDelay   120 ms jitter   0 ms  done
  L20 D80       ackLoss  20% ackDelay   160 ms jitter   0 ms  done
  L20 D=fwd     ackLoss  20% ackDelay   160 ms jitter   0 ms  done
  L10 D40 J40   ackLoss  10% ackDelay   120 ms jitter  40 ms  done
  L10 D40 J80   ackLoss  10% ackDelay   120 ms jitter  80 ms  done

------------------------------------------------------------
Stressed | DATA loss 40 % | DATA delay 120 ms
------------------------------------------------------------
  reliable      ackLoss   0% ackDelay   120 ms jitter   0 ms  done
  L0  D40       ackLoss   0% ackDelay   160 ms jitter   0 ms  done
  L0  D80       ackLoss   0% ackDelay   200 ms jitter   0 ms  done
  L10 D0        ackLoss  10% ackDelay   120 ms jitter   0 ms  done
  L10 D40       ackLoss  10% ackDelay   160 ms jitter   0 ms  done
  L10 D80       ackLoss  10% ackDelay   200 ms jitter   0 ms  done
  L20 D0        ackLoss  20% ackDelay   120 ms jitter   0 ms  done
  L20 D40       ackLoss  20% ackDelay   160 ms jitter   0 ms  done
  L20 D80       ackLoss  20% ackDelay   200 ms jitter   0 ms  done
  L20 D=fwd     ackLoss  20% ackDelay   240 ms jitter   0 ms  done
  L10 D40 J40   ackLoss  10% ackDelay   160 ms jitter  40 ms  done
  L10 D40 J80   ackLoss  10% ackDelay   160 ms jitter  80 ms  done

============================================================
Causal-v3 under ACK impairment
============================================================

Scenario   ACK cell          RMSE  Data[Hz]  ACK[Hz] ackDeliv   estAoI  staleAck FormFail SafeFail
Moderate   reliable        0.0875     13.37    10.68    0.998    0.221         0     0.00     0.00
Moderate   L0  D40         0.0775     17.45    13.97    0.996    0.245         0     0.00     0.00
Moderate   L0  D80         0.0776     18.34    14.63    0.995    0.285         0     0.00     0.00
Moderate   L10 D0          0.0864     13.90    11.05    0.896    0.229         0     0.00     0.00
Moderate   L10 D40         0.0773     17.51    14.03    0.894    0.253         0     0.00     0.00
Moderate   L10 D80         0.0776     18.34    14.63    0.892    0.293         0     0.00     0.00
Moderate   L20 D0          0.0851     14.34    11.49    0.798    0.239         0     0.00     0.00
Moderate   L20 D40         0.0773     17.59    14.10    0.802    0.263         0     0.00     0.00
Moderate   L20 D80         0.0776     18.34    14.63    0.795    0.303         0     0.00     0.00
Moderate   L20 D=fwd       0.0776     18.34    14.63    0.795    0.303         0     0.00     0.00
Moderate   L10 D40 J40     0.0801     16.39    13.11    0.895    0.266       496     0.00     0.00
Moderate   L10 D40 J80     0.0821     15.70    12.46    0.894    0.261      1022     0.00     0.00

Stressed   reliable        0.1178     18.23    10.82    0.996    0.311         0     1.00     0.00
Stressed   L0  D40         0.1178     18.23    10.82    0.995    0.351         0     1.00     0.00
Stressed   L0  D80         0.1178     18.23    10.82    0.994    0.391         0     1.00     0.00
Stressed   L10 D0          0.1178     18.23    10.82    0.895    0.323         0     1.00     0.00
Stressed   L10 D40         0.1178     18.23    10.82    0.894    0.363         0     1.00     0.00
Stressed   L10 D80         0.1178     18.23    10.82    0.892    0.403         0     1.00     0.00
Stressed   L20 D0          0.1178     18.23    10.82    0.798    0.336         0     1.00     0.00
Stressed   L20 D40         0.1178     18.23    10.82    0.797    0.376         0     1.00     0.00
Stressed   L20 D80         0.1178     18.23    10.82    0.796    0.416         0     1.00     0.00
Stressed   L20 D=fwd       0.1178     18.23    10.82    0.795    0.456         0     1.00     0.00
Stressed   L10 D40 J40     0.1175     18.17    10.75    0.894    0.370       391     1.00     0.00
Stressed   L10 D40 J80     0.1186     17.71    10.58    0.896    0.361       843     1.00     0.00

============================================================
Baseline invariance across ACK cells
============================================================

  Moderate   P10        RMSE spread across 12 ACK cells: 0.000e+00
  Moderate   P20        RMSE spread across 12 ACK cells: 0.000e+00
  Stressed   P10        RMSE spread across 12 ACK cells: 0.000e+00
  Stressed   P20        RMSE spread across 12 ACK cells: 0.000e+00

  Baselines are bit-identical everywhere: ACK settings do not leak.

============================================================
RMSE degradation versus reliable ACK
============================================================

ACK cell          Moderate     Stressed
reliable             0.00%        0.00%
L0  D40            -11.41%        0.00%
L0  D80            -11.31%        0.00%
L10 D0              -1.20%        0.00%
L10 D40            -11.68%        0.00%
L10 D80            -11.31%        0.00%
L20 D0              -2.74%        0.00%
L20 D40            -11.59%        0.00%
L20 D80            -11.31%        0.00%
L20 D=fwd          -11.31%        0.00%
L10 D40 J40         -8.38%       -0.22%
L10 D40 J80         -6.18%        0.69%

============================================================
Adaptive-scale saturation
============================================================

Scenario   ACK cell         estAoI     scale  saturated
Moderate   reliable          0.221     0.283          -
Moderate   L0  D40           0.245     0.229          -
Moderate   L0  D80           0.285     0.202        YES
Moderate   L10 D0            0.229     0.278          -
Moderate   L10 D40           0.253     0.227          -
Moderate   L10 D80           0.293     0.202        YES
Moderate   L20 D0            0.239     0.272          -
Moderate   L20 D40           0.263     0.224          -
Moderate   L20 D80           0.303     0.202        YES
Moderate   L20 D=fwd         0.303     0.202        YES
Moderate   L10 D40 J40       0.266     0.234          -
Moderate   L10 D40 J80       0.261     0.260          -
  Moderate: 4 of 12 cells saturated

Stressed   reliable          0.311     0.202        YES
Stressed   L0  D40           0.351     0.202        YES
Stressed   L0  D80           0.391     0.202        YES
Stressed   L10 D0            0.323     0.202        YES
Stressed   L10 D40           0.363     0.202        YES
Stressed   L10 D80           0.403     0.202        YES
Stressed   L20 D0            0.336     0.202        YES
Stressed   L20 D40           0.376     0.202        YES
Stressed   L20 D80           0.416     0.202        YES
Stressed   L20 D=fwd         0.456     0.202        YES
Stressed   L10 D40 J40       0.370     0.203        YES
Stressed   L10 D40 J80       0.361     0.211          -
  Stressed: 11 of 12 cells saturated


============================================================
EXP07B acceptance gates
============================================================

  [PASS] Protocol: invariants = 0 in every ACK cell    0 violation(s) over 24 cells
  [PASS] Protocol: no deadlock (gap <= maxSilence)     worst link silence 0.120 s vs 0.50 s
  [PASS] Moderate ACK impairment: degradation <= 10%   0.00 % (worst scenario)
  [PASS] Severe ACK impairment: degradation <= 25%     0.00 % (worst scenario)
  [PASS] Moderate ACK impairment: SafeFail <= 5%       0.00

  EXP07B GATES: ALL PASS (5/5)

============================================================
Reordering subtest (ACK jitter)
============================================================

Scenario   ACK cell        staleAck     dupAck       RMSE   Data[Hz]
Moderate   L10 D0                 0          0     0.0864      13.90
Moderate   L10 D40 J40          496        496     0.0801      16.39
Moderate   L10 D40 J80         1022       1022     0.0821      15.70

Stressed   L10 D0                 0          0     0.1178      18.23
Stressed   L10 D40 J40          391        391     0.1175      18.17
Stressed   L10 D40 J80          843        843     0.1186      17.71

  Reordering path exercised: 2752 stale ACKs discarded.

tidy.csv : 216 rows

EXP07B completed.
saveAllFigures: 3 figure(s) written to D:\Research\Drone\SwarmDroneMATLAB\results\exp07b_ack_impairment\2026-08-21_205247\figures

============================================================
DONE : exp07b_ack_impairment
TIME : 1 m 30 s
FIGS : 3
DIR  : D:\Research\Drone\SwarmDroneMATLAB\results\exp07b_ack_impairment\2026-08-21_205247
============================================================
