
============================================================
RUN  : exp23aa_emergency_data_development
ID   : 2026-09-05_073456
DIR  : D:\Research\Drone\SwarmDroneMATLAB\results\exp23aa_emergency_data_development\2026-09-05_073456
WHEN : 2026-09-05 07:34:56
============================================================

  seed  1 / 20; rows   6 / 120
  seed  2 / 20; rows  12 / 120
  seed  3 / 20; rows  18 / 120
  seed  4 / 20; rows  24 / 120
  seed  5 / 20; rows  30 / 120
  seed  6 / 20; rows  36 / 120
  seed  7 / 20; rows  42 / 120
  seed  8 / 20; rows  48 / 120
  seed  9 / 20; rows  54 / 120
  seed 10 / 20; rows  60 / 120
  seed 11 / 20; rows  66 / 120
  seed 12 / 20; rows  72 / 120
  seed 13 / 20; rows  78 / 120
  seed 14 / 20; rows  84 / 120
  seed 15 / 20; rows  90 / 120
  seed 16 / 20; rows  96 / 120
  seed 17 / 20; rows 102 / 120
  seed 18 / 20; rows 108 / 120
  seed 19 / 20; rows 114 / 120
  seed 20 / 20; rows 120 / 120
{Error using exp23aa_emergency_data_development>validationGates (line 209)
exp23aa: registry gate count differs from implementation.

Error in exp23aa_emergency_data_development (line 28)
gates=validationGates(T,R,registryHash,registryLeaves);
      ^^^^^^^^^^^^^^^^^^^^^^^^^^^^^^^^^^^^^^^^^^^^^^^^
} 
