
============================================================
RUN  : exp03b_delay
ID   : 2026-08-20_080929
DIR  : D:\Research\Drone\SwarmDroneMATLAB\results\exp03b_delay\2026-08-20_080929
WHEN : 2026-08-20 08:09:29
============================================================


EXP03B fixed-delay sweep

Delay = 0 ms
Delay = 20 ms
Delay = 40 ms
Delay = 80 ms
Delay = 120 ms
Delay = 200 ms
Delay = 300 ms

Delay   RMSE[m]   MaxErr[m]  MinFull[m] MinEval[m] AoI[s]
   0ms  0.0345    0.0455     0.2667     0.5549    0.050
  20ms  0.0443    0.0569     0.2632     0.5433    0.070
  40ms  0.0552    0.0700     0.2599     0.5301    0.090
  80ms  0.0803    0.1013     0.2540     0.4991    0.130
 120ms  0.1050    0.1334     0.2475     0.4684    0.170
 200ms  0.1559    0.2006     0.2299     0.4053    0.250
 300ms  0.2162    0.2786     0.2035     0.3309    0.350
saveAllFigures: 3 figure(s) written to D:\Research\Drone\SwarmDroneMATLAB\results\exp03b_delay\2026-08-20_080929\figures

============================================================
DONE : exp03b_delay
TIME : 12.8 s
FIGS : 3
DIR  : D:\Research\Drone\SwarmDroneMATLAB\results\exp03b_delay\2026-08-20_080929
============================================================
