
============================================================
RUN  : exp23ag_fresh_radial_receiver_closure
ID   : 2026-09-05_142942
DIR  : D:\Research\Drone\SwarmDroneMATLAB\results\exp23ag_fresh_radial_receiver_closure\2026-09-05_142942
WHEN : 2026-09-05 14:29:42
============================================================

  seed  5 / 50; rows  30 / 300
  seed 10 / 50; rows  60 / 300
  seed 15 / 50; rows  90 / 300
  seed 20 / 50; rows 120 / 300
  seed 25 / 50; rows 150 / 300
  seed 30 / 50; rows 180 / 300
  seed 35 / 50; rows 210 / 300
  seed 40 / 50; rows 240 / 300
  seed 45 / 50; rows 270 / 300
  seed 50 / 50; rows 300 / 300

EXP23AG fresh radial receiver-closure gates
  [PASS] registry_frozen_fresh                       hash 111722122 over 100 leaves; all 50 seeds disjoint
  [PASS] invalid_parent_retained                     EXP23AF remains invalid at 23/24; no retrospective relabeling
  [PASS] diagnosis_nonconfirmatory                   repair diagnosis remains explicitly posthoc
  [PASS] matrix_complete_unique                      300/300 unique rows
  [PASS] exact_matrix_coverage                       50 fresh seeds and six frozen arms exact
  [PASS] seed_trace_pairing                          one exogenous PHY trace is shared by all arms per seed
  [PASS] online_prefix_exact                         decision state and pre-PREPARE schedule are exactly paired
  [PASS] causal_geometry_pairing                     one observed-state certificate is shared across closure arms
  [PASS] receiver_lifted_stimulus                    minimum nonincident edges 1; affected range 3--4
  [PASS] union_packet_and_protected_slots            union coloring, MTU, and protected slots remain admissible
  [PASS] motion_gate_exact                           command begins at authorized graph activation only
  [PASS] prepare_blackout_blocks_motion              PREPARE blackout leaves barrier open and command held
  [FAIL] normal_reacquisition                        48/50 normal runs fully reactivate
  [FAIL] response_blackout_fail_silent               graph activates while full affected closure stays suppressed
  [FAIL] commit_blackout_partial_safe                COMMIT loss leaves partial suppression without collision
  [PASS] parallel_emergency_mapping                  one distinct protected slot serves every suppressed sender per frame
  [PASS] radial_construction_premise                 every omitted pair has nominal distance strictly above R_I+b_ij
  [PASS] protected_radial_theorem                    maximum inward-contraction ratio 0.865576; vector pass rate 0.760
  [PASS] protected_actual_graph_subset               minimum omitted-edge margin 0.134819 m
  [PASS] no_emergency_negative_visible               minimum radial violation 2.563; paired RMSE penalty 0.116158 m
  [PASS] supported_collision_safety                  all protected fresh cells are collision-free
  [PASS] receiver_outcome_replay_exact               receiver success/erasure outcomes replay exactly
  [PASS] management_accounting_exact                 attempts and airtime equal schedule; byte totals archived
  [PASS] affine_timing_and_causal_reads              maximum equation residual 8.88e-16 s; forbidden reads zero
  [PASS] closed_loop_safety_and_scope                minimum separation 0.650351 m; downstream claims remain false
                       arm                           kind                fault            emergencyEnabled    nRuns    motionAuthorizationRate    reactivationRate    meanMissionRmse    minimumSeparation    safeFailures    vectorTubePassRate    radialContractPassRate    maximumVectorRatio    maximumRadialRatio    minimumOmittedMargin    physicalSubsetRate    senderSubsetRate    meanControlBytes    meanDataAirtime    meanManagementAirtime    meanTotalCost
    __________________________________________    ___________    _____________________    ________________    _____    _______________________    ________________    _______________    _________________    ____________    __________________    ______________________    __________________    __________________    ____________________    __________________    ________________    ________________    _______________    _____________________    _____________

    {'closure-commit-blackout-emergency'     }    {'closure'}    {'commit-blackout'  }           1             50               0.98                       0              0.13937             0.99264              0                 0.76                     1                     1.2679               0.85816                 0.15996                  1                    1                 3898.3             1.4746                0.12475              0.15231   
    {'closure-iid20-emergency'               }    {'closure'}    {'none'             }           1             50               0.98                    0.96              0.13994             0.99054              0                 0.76                     1                     1.2792               0.86558                 0.15268                  1                    1                 3777.9             1.4746                0.12089              0.15195   
    {'closure-prepare-blackout-emergency'    }    {'closure'}    {'prepare-blackout' }           1             50                  0                       0              0.14606              1.0243              0                 0.76                     1                     1.2681               0.85823                 0.13482                  1                    1                 658.72             1.4746               0.021079              0.14244   
    {'closure-response-blackout-emergency'   }    {'closure'}    {'response-blackout'}           1             50               0.98                       0              0.13948              1.0143              0                 0.76                     1                     1.2644               0.85816                 0.15996                  1                    1                 7256.8             1.4746                0.23222              0.16255   
    {'closure-response-blackout-no-emergency'}    {'closure'}    {'response-blackout'}           0             50               0.98                       0              0.25564             0.65035              0                    0                     0                     4.9571                3.7504                0.036295                  1                    1                 7256.8             1.2407                0.23222              0.14028   

                   contrast                    nPairs    meanDeltaMissionRmse    minimumDeltaMissionRmse    maximumDeltaMissionRmse    meanDeltaMinimumSeparation    meanDeltaTotalCost    meanDeltaDataAirtime
    _______________________________________    ______    ____________________    _______________________    _______________________    __________________________    __________________    ____________________

    "normal_closure_minus_periodic"              50            0.043414                 0.034566                   0.056489                    -0.027625                  -0.10528                -1.2263      
    "response_no_emergency_minus_protected"      50             0.11616                 0.089271                    0.13571                     -0.36649                 -0.022271               -0.23384      

EXP23AG DECISION: ONLINE_RADIAL_RECEIVER_CLOSURE_FRESH_INVALID

============================================================
DONE : exp23ag_fresh_radial_receiver_closure
TIME : 4 m 38 s
FIGS : 0
DIR  : D:\Research\Drone\SwarmDroneMATLAB\results\exp23ag_fresh_radial_receiver_closure\2026-09-05_142942
============================================================
