
============================================================
RUN  : exp05c_ablation
ID   : 2026-08-20_113200
DIR  : D:\Research\Drone\SwarmDroneMATLAB\results\exp05c_ablation\2026-08-20_113200
WHEN : 2026-08-20 11:32:01
============================================================


============================================================
EXP05C component ablation
============================================================

Seeds            : 20
epsP             : 0.050 m
epsV             : 0.100 m/s
AoI threshold    : 0.120 s
AoI cooldown     : 0.100 s
Maximum silence  : 0.500 s

------------------------------------------------------------
Clean | loss 0 % | delay 0 ms
------------------------------------------------------------
  A0 Periodic10
  A1 State-event
  A2 AoI-fixed
  A3 AoI-adaptive
  A4 Full-ACK
------------------------------------------------------------
Moderate | loss 20 % | delay 80 ms
------------------------------------------------------------
  A0 Periodic10
  A1 State-event
  A2 AoI-fixed
  A3 AoI-adaptive
  A4 Full-ACK
------------------------------------------------------------
Stressed | loss 40 % | delay 120 ms
------------------------------------------------------------
  A0 Periodic10
  A1 State-event
  A2 AoI-fixed
  A3 AoI-adaptive
  A4 Full-ACK

============================================================
EXP05C ablation results
============================================================

Scenario   Variant          RMSE[m] StdRMSE MaxErr MinEval AoI[s] TxRate PDR FormFail SafeFail
---------- ---------------- ------- ------- ------ ------- ------ ------ --- -------- --------
Clean      A0 Periodic10    0.0345  0.0000  0.0455  0.5549  0.050  10.00  1.000   0.00     0.00
Clean      A1 State-event   0.0792  0.0000  0.0996  0.5019  0.130   4.33  1.000   0.00     0.00
Clean      A2 AoI-fixed     0.0444  0.0000  0.0570  0.5441  0.070   7.42  1.000   0.00     0.00
Clean      A3 AoI-adaptive  0.0377  0.0000  0.0491  0.5513  0.060   8.41  1.000   0.00     0.00
Clean      A4 Full-ACK      0.0377  0.0000  0.0491  0.5513  0.060   8.41  1.000   0.00     0.00

Moderate   A0 Periodic10    0.0958  0.0007  0.1270  0.4787  0.155  10.00  0.801   0.00     0.00
Moderate   A1 State-event   0.1680  0.0032  0.2399  0.3877  0.274   4.30  0.805   1.00     0.00
Moderate   A2 AoI-fixed     0.1130  0.0016  0.1531  0.4600  0.184   7.47  0.802   1.00     0.00
Moderate   A3 AoI-adaptive  0.1035  0.0010  0.1381  0.4683  0.168   8.45  0.801   1.00     0.00
Moderate   A4 Full-ACK      0.0976  0.0005  0.1264  0.4766  0.158  11.21  0.801   0.00     0.00

Stressed   A0 Periodic10    0.1460  0.0026  0.2011  0.4123  0.237  10.00  0.602   1.00     0.00
Stressed   A1 State-event   0.2550  0.0080  0.3833  0.2882  0.425   4.21  0.603   1.00     0.00
Stressed   A2 AoI-fixed     0.1711  0.0022  0.2378  0.3801  0.281   7.55  0.601   1.00     0.00
Stressed   A3 AoI-adaptive  0.1556  0.0031  0.2188  0.3932  0.251   8.95  0.602   1.00     0.00
Stressed   A4 Full-ACK      0.1306  0.0008  0.1701  0.4340  0.212  15.76  0.601   1.00     0.00

============================================================
Incremental component contribution
============================================================

Clean
  A1 -> A2 | fixed AoI coupling      : RMSE +43.93 % | rate +3.09 Hz
  A2 -> A3 | adaptive threshold       : RMSE +15.04 % | rate +0.99 Hz
  A3 -> A4 | accepted-state feedback  : RMSE  +0.00 % | rate +0.00 Hz

Moderate
  A1 -> A2 | fixed AoI coupling      : RMSE +32.74 % | rate +3.17 Hz
  A2 -> A3 | adaptive threshold       : RMSE  +8.43 % | rate +0.98 Hz
  A3 -> A4 | accepted-state feedback  : RMSE  +5.71 % | rate +2.77 Hz

Stressed
  A1 -> A2 | fixed AoI coupling      : RMSE +32.89 % | rate +3.34 Hz
  A2 -> A3 | adaptive threshold       : RMSE  +9.05 % | rate +1.40 Hz
  A3 -> A4 | accepted-state feedback  : RMSE +16.07 % | rate +6.81 Hz


EXP05C completed.

============================================================
ACK feedback integrity
============================================================
  Accepted-state updates : 193129
  Sync misses            : 0
  STATUS                 : OK

tidy.csv : 300 rows
saveAllFigures: 3 figure(s) written to D:\Research\Drone\SwarmDroneMATLAB\results\exp05c_ablation\2026-08-20_113200\figures

============================================================
DONE : exp05c_ablation
TIME : 3 m 49 s
FIGS : 3
DIR  : D:\Research\Drone\SwarmDroneMATLAB\results\exp05c_ablation\2026-08-20_113200
============================================================
