
============================================================
RUN  : exp09a_multiuav_6dof
ID   : 2026-08-26_210235
DIR  : D:\Research\Drone\SwarmDroneMATLAB\results\exp09a_multiuav_6dof\2026-08-26_210235
WHEN : 2026-08-26 21:02:36
============================================================


============================================================
EXP09A networked multi-UAV 6-DOF
============================================================

N = 5 | topology = ring2 | outer 50 Hz | inner 500 Hz | ratio 10:1
Seeds 20 | sims 480
ensureParallelPool: starting pool with 16 workers...
Starting parallel pool (parpool) using the 'Processes' profile ...
Connected to parallel pool with 16 workers.
ensureParallelPool: pool ready (16 workers).

--- Clean ---
  DI     P10           done
  DI     P20           done
  DI     State-event   done
  DI     Causal-v3     done
  6DOF   P10           done
  6DOF   P20           done
  6DOF   State-event   done
  6DOF   Causal-v3     done

--- Moderate ---
  DI     P10           done
  DI     P20           done
  DI     State-event   done
  DI     Causal-v3     done
  6DOF   P10           done
  6DOF   P20           done
  6DOF   State-event   done
  6DOF   Causal-v3     done

--- Stressed ---
  DI     P10           done
  DI     P20           done
  DI     State-event   done
  DI     Causal-v3     done
  6DOF   P10           done
  6DOF   P20           done
  6DOF   State-event   done
  6DOF   Causal-v3     done

============================================================
CRN trace identity between DI and 6-DOF
============================================================

  forward trace hash DI == 6DOF : 1
  reverse trace hash DI == 6DOF : 1

============================================================
DI vs 6-DOF
============================================================

Scenario   Method         DI RMSE   6DOF RMSE   delta%  DI DATA Hz  6DOF DATA Hz   delta%     dAoI%
Clean      P10             0.0345      0.0361     4.46      100.00        100.00     0.00      0.00
Clean      P20             0.0212      0.0254    19.90      200.00        200.00     0.00      0.00
Clean      State-event     0.0792      0.0823     3.87       43.27         43.43     0.39      0.05
Clean      Causal-v3       0.0383      0.0414     7.99       84.37         84.47     0.12      0.04

Moderate   P10             0.0957      0.0978     2.14      100.00        100.00     0.00      0.00
Moderate   P20             0.0729      0.0754     3.38      200.00        200.00     0.00      0.00
Moderate   State-event     0.1678      0.1703     1.50       42.94         43.21     0.63      0.36
Moderate   Causal-v3       0.0876      0.0893     1.91      133.36        134.93     1.17     -0.25

Stressed   P10             0.1454      0.1471     1.15      100.00        100.00     0.00      0.00
Stressed   P20             0.1098      0.1119     1.83      200.00        200.00     0.00      0.00
Stressed   State-event     0.2535      0.2557     0.85       42.16         42.48     0.77      0.54
Stressed   Causal-v3       0.1171      0.1191     1.64      182.19        182.95     0.42      0.02

============================================================
6-DOF diagnostics
============================================================

Scenario   Method           RMSE      std   maxErr   minSep    rollPk   pitchPk   thrSat%   torqSat%   pdSat%   effort
Clean      P10            0.0361   0.0000   0.0492   0.5523      9.64     12.32     0.000      0.000    0.000    1.015
Clean      P20            0.0254   0.0000   0.0390   0.5684      9.41     12.09     0.000      0.000    0.000    1.015
Clean      State-event    0.0823   0.0000   0.1042   0.4974      9.47     12.35     0.000      0.000    0.000    1.015
Clean      Causal-v3      0.0414   0.0000   0.0550   0.5456      9.61     12.23     0.000      0.000    0.000    1.015

Moderate   P10            0.0978   0.0008   0.1311   0.4765      9.80     13.07     0.000      0.000    0.000    1.015
Moderate   P20            0.0754   0.0003   0.0973   0.5041      9.81     12.85     0.000      0.000    0.000    1.015
Moderate   State-event    0.1703   0.0030   0.2493   0.3899      9.89     13.13     0.000      0.000    0.000    1.015
Moderate   Causal-v3      0.0893   0.0005   0.1167   0.4875      9.86     12.78     0.000      0.000    0.000    1.015

Stressed   P10            0.1471   0.0025   0.2007   0.4147      9.93     13.41     0.000      0.000    0.000    1.015
Stressed   P20            0.1119   0.0010   0.1462   0.4584      9.91     13.18     0.000      0.000    0.000    1.015
Stressed   State-event    0.2557   0.0107   0.3943   0.2769      9.96     13.40     0.000      0.000    0.000    1.015
Stressed   Causal-v3      0.1191   0.0013   0.1564   0.4501      9.95     13.20     0.000      0.000    0.000    1.015

Scenario   Method          DATA Hz     ACK Hz    trueAoI     estAoI    hardRat   adaptRat  refrRat     nDiv
Clean      P10              100.00        NaN     0.0500        NaN        NaN        NaN      NaN        0
Clean      P20              200.00        NaN     0.0260        NaN        NaN        NaN      NaN        0
Clean      State-event       43.43        NaN     0.1301        NaN        NaN        NaN      NaN        0
Clean      Causal-v3         84.47      84.47     0.0600     0.0801      0.085      0.901    0.014        0

Moderate   P10              100.00        NaN     0.1549        NaN        NaN        NaN      NaN        0
Moderate   P20              200.00        NaN     0.1182        NaN        NaN        NaN      NaN        0
Moderate   State-event       43.21        NaN     0.2755        NaN        NaN        NaN      NaN        0
Moderate   Causal-v3        134.93     107.52     0.1418     0.2211      0.001      0.999    0.000        0

Stressed   P10              100.00        NaN     0.2358        NaN        NaN        NaN      NaN        0
Stressed   P20              200.00        NaN     0.1782        NaN        NaN        NaN      NaN        0
Stressed   State-event       42.48        NaN     0.4242        NaN        NaN        NaN      NaN        0
Stressed   Causal-v3        182.95     109.88     0.1899     0.3095      0.001      0.999    0.000        0

============================================================
EXP09A acceptance gates
============================================================

    Clean     sign(Causal-P10) DI +1 -> 6DOF +1 | sign(Causal-P20) DI +1 -> 6DOF +1
    Moderate  sign(Causal-P10) DI -1 -> 6DOF -1 | sign(Causal-P20) DI +1 -> 6DOF +1
    Stressed  sign(Causal-P10) DI -1 -> 6DOF -1 | sign(Causal-P20) DI +1 -> 6DOF +1

  [PASS ] G1 Stability: 0 NaN, 0 DIVERGED            0 diverged of 240 6-DOF runs
  [PASS ] G2 Clean SafeFail = 0                      0.0%
  [PASS ] G3 Moderate SafeFail = 0                   0.0%
  [PASS ] G4 Stressed SafeFail <= 5%                 0.0%
  [PASS ] G5 Saturation Clean<1% Stressed<5%         Clean 0.000%, Stressed 0.000%
  [PASS ] G6 RMSE(Causal) < RMSE(State-event)        0 of 3 scenarios fail
  [PASS ] G7 sign preserved >= 2/3 vs P10 AND P20    P10 3/3, P20 3/3

  EXP09A GATES: ALL PASS (7/7)

tidy.csv : 480 rows

EXP09A completed.
saveAllFigures: no open figures.

============================================================
DONE : exp09a_multiuav_6dof
TIME : 2 m 45 s
FIGS : 0
DIR  : D:\Research\Drone\SwarmDroneMATLAB\results\exp09a_multiuav_6dof\2026-08-26_210235
============================================================
