
============================================================
RUN  : exp20a_prior_art_baseline_closure
ID   : 2026-08-31_232833
DIR  : D:\Research\Drone\SwarmDroneMATLAB\results\exp20a_prior_art_baseline_closure\2026-08-31_232833
WHEN : 2026-08-31 23:28:34
============================================================

Starting parallel pool (parpool) using the 'Processes' profile ...
Connected to parallel pool with 16 workers.
  native groups   1-- 12 / 360; rows   60 / 1800
  native groups  13-- 24 / 360; rows  120 / 1800
  native groups  25-- 36 / 360; rows  180 / 1800
  native groups  37-- 48 / 360; rows  240 / 1800
  native groups  49-- 60 / 360; rows  300 / 1800
  native groups  61-- 72 / 360; rows  360 / 1800
  native groups  73-- 84 / 360; rows  420 / 1800
  native groups  85-- 96 / 360; rows  480 / 1800
  native groups  97--108 / 360; rows  540 / 1800
  native groups 109--120 / 360; rows  600 / 1800
  native groups 121--132 / 360; rows  660 / 1800
  native groups 133--144 / 360; rows  720 / 1800
  native groups 145--156 / 360; rows  780 / 1800
  native groups 157--168 / 360; rows  840 / 1800
  native groups 169--180 / 360; rows  900 / 1800
  native groups 181--192 / 360; rows  960 / 1800
  native groups 193--204 / 360; rows 1020 / 1800
  native groups 205--216 / 360; rows 1080 / 1800
  native groups 217--228 / 360; rows 1140 / 1800
  native groups 229--240 / 360; rows 1200 / 1800
  native groups 241--252 / 360; rows 1260 / 1800
  native groups 253--264 / 360; rows 1320 / 1800
  native groups 265--276 / 360; rows 1380 / 1800
  native groups 277--288 / 360; rows 1440 / 1800
  native groups 289--300 / 360; rows 1500 / 1800
  native groups 301--312 / 360; rows 1560 / 1800
  native groups 313--324 / 360; rows 1620 / 1800
  native groups 325--336 / 360; rows 1680 / 1800
  native groups 337--348 / 360; rows 1740 / 1800
  native groups 349--360 / 360; rows 1800 / 1800
{Error using applyExp20AArm (line 75)
applyExp20AArm: unsupported arm "oracle-deficit-maxweight".

Error in exp20a_prior_art_baseline_closure>runFormationGroup (line 170)
    [cfg,method,label,details]=applyExp20AArm(base,arm);
    ^^^^^^^^^^^^^^^^^^^^^^^^^^^^^^^^^^^^^^^^^^^^^^^^^^^^
Error in exp20a_prior_art_baseline_closure>runFormationPanel (line 122)
    parfor (q=1:numel(indices),12)
    ^^^^^^^^^^^^^^^^^^^^^^^^^^^^^^
Error in exp20a_prior_art_baseline_closure (line 38)
formationRows=runFormationPanel( ...
^^^^^^^^^^^^^^^^^^^^^^^^^^^^^^^^^^^^
} 
Starting parallel pool (parpool) using the 'Processes' profile ...

[Warning: Failed to automatically create a parallel pool with the default parallel environment. Running serially on the client instead. Fallback to serial execution will be removed in a future release. Error details:

Error using parallel.internal.parpool.getOrCreateCurrentPool (line 16)
Parallel pool failed to start with the following error. For more detailed information, validate the profile 'Processes' in the Cluster Profile Manager.

Error in pctTryCreatePoolIfNecessary (line 20)
    pool = parallel.internal.parpool.getOrCreateCurrentPool();
           ^^^^^^^^^^^^^^^^^^^^^^^^^^^^^^^^^^^^^^^^^^^^^^^^^^
Error in parallel_function (line 389)
    [isPoolRunning, pool] = pctTryCreatePoolIfNecessary();
                            ^^^^^^^^^^^^^^^^^^^^^^^^^^^^^
Error in exp20a_prior_art_baseline_closure>runFormationPanel (line 123)
    parfor (q=1:numel(indices),12)
    ^
Error in exp20a_prior_art_baseline_closure (line 39)
formationRows=runFormationPanel( ...
              ^^^^^^^^^^^^^^^^^^^^^^
Caused by:
    Error using parallel.internal.pool.JobStateChecker>iThrowIfBadParallelJobStatus (line 95)
    The parallel pool job errored with the following message: MATLAB worker shut down unexpectedly with status 3 during task execution.] 
Starting parallel pool (parpool) using the 'Processes' profile ...
Connected to parallel pool with 16 workers.
  formation groups   1-- 12 / 180; rows  168 / 2520
  formation groups  13-- 24 / 180; rows  336 / 2520
  formation groups  25-- 36 / 180; rows  504 / 2520
  formation groups  37-- 48 / 180; rows  672 / 2520
  formation groups  49-- 60 / 180; rows  840 / 2520
  formation groups  61-- 72 / 180; rows 1008 / 2520
  formation groups  73-- 84 / 180; rows 1176 / 2520
  formation groups  85-- 96 / 180; rows 1344 / 2520
  formation groups  97--108 / 180; rows 1512 / 2520
  formation groups 109--120 / 180; rows 1680 / 2520
  formation groups 121--132 / 180; rows 1848 / 2520
  formation groups 133--144 / 180; rows 2016 / 2520
  formation groups 145--156 / 180; rows 2184 / 2520
  formation groups 157--168 / 180; rows 2352 / 2520
  formation groups 169--180 / 180; rows 2520 / 2520

EXP20A integrity gates
  [PASS] registry_recorded                          hash 202523373 over 165 leaves
  [PASS] formation_matrix_complete_unique           2520/2520 unique rows
  [PASS] native_matrix_complete_unique              1800/1800 unique rows
  [PASS] exact_formation_seeds                      all and only 30 declared formation seeds
  [PASS] exact_native_seeds                         all and only 30 declared native seeds
  [PASS] paired_formation_absolute_traces           channel, state and estimator hashes match within every group
  [PASS] paired_native_absolute_draws               all native arms share the same seed/cell draw tensor
  [PASS] private_feedback_causality                 0 formation protocol violations
  [PASS] no_future_information_reads                formation random draws and native feedback are present/past only
  [PASS] bounded_memory                             formation queue/history 1/32; native feedback queue 5
  [PASS] physical_and_feedback_accounting           recipient, terminal, charged-utilization and native counts close
  [PASS] named_mechanisms_activated                 public/private feedback, age gain, Z-MAC and DTSA paths exercised
  [PASS] finite_outputs_and_failures_retained       451 unsafe and 0 diverged formation runs retained

EXP20A DEVELOPMENT VERDICT: PRIOR_ART_EXPLAINS_FRONTIER

============================================================
DONE : exp20a_prior_art_baseline_closure
TIME : 12 m 39 s
FIGS : 0
DIR  : D:\Research\Drone\SwarmDroneMATLAB\results\exp20a_prior_art_baseline_closure\2026-08-31_232833
============================================================
