
============================================================
RUN  : exp23af_command_candidate_diagnostic
ID   : 2026-09-05_115958
DIR  : D:\Research\Drone\SwarmDroneMATLAB\results\exp23af_command_candidate_diagnostic\2026-09-05_115958
WHEN : 2026-09-05 11:59:59
============================================================

    node    targetX    targetY    displacement    minimumSweepSeparation    nearestNode    changedSenderEdges    nonincidentSenderEdges    affectedCount    changedSlotCount    oldColors    newColors    maxResponseBytes    geometryHash
    ____    _______    _______    ____________    ______________________    ___________    __________________    ______________________    _____________    ________________    _________    _________    ________________    ____________

     2        0.75          0          0.15                 0.45                 6                 3                       1                     5                 2                6            6               46            1.1702e+06 
     7        0.45        0.6          0.15                 0.45                 3                 4                       2                     6                 4                6            6               56            1.8324e+06 
     9       -0.45        0.6          0.15                 0.45                 3                 4                       2                     6                 3                6            6               56            1.2864e+06 
     6        1.05      -0.05       0.15811              0.45277                 2                 3                       2                     5                 2                6            6               46            1.6422e+06 
     6        1.05       0.05       0.15811              0.45277                 2                 3                       2                     5                 2                6            6               46            2.0123e+06 
     3       -0.15       0.65       0.15811              0.45277                 9                 4                       2                     6                 3                6            6               56             1.618e+06 
     3        0.15       0.65       0.15811              0.45277                 7                 4                       2                     6                 4                6            6               56            1.5252e+06 
     4       -0.65       0.15       0.15811              0.45277                 9                 2                       2                     4                 2                6            6               46            1.3779e+06 
     3       -0.15       0.55       0.15811              0.45277                 9                 4                       2                     6                 3                6            6               56            1.7315e+06 
     3        0.15       0.55       0.15811              0.45277                 7                 4                       2                     6                 4                6            6               56            1.6611e+06 
     4       -0.55       0.15       0.15811              0.45277                 9                 2                       2                     4                 2                6            6               46            1.8702e+06 
     2        0.75      -0.05       0.15811              0.45277                 6                 3                       1                     5                 2                6            6               46            1.4292e+06 
     2        0.75       0.05       0.15811              0.45277                 6                 3                       1                     5                 2                6            6               46            2.1149e+06 
     7        0.45       0.65       0.15811              0.45277                 3                 4                       2                     6                 4                6            6               56            2.0694e+06 
     9       -0.45       0.65       0.15811              0.45277                 3                 4                       2                     6                 3                6            6               56            2.0232e+06 
     7        0.45       0.55       0.15811              0.45277                 3                 4                       2                     6                 4                6            6               56            2.1181e+06 
     9       -0.45       0.55       0.15811              0.45277                 3                 4                       2                     6                 3                6            6               56            1.6246e+06 
     6         1.1      -0.15       0.18028              0.52202                 2                 3                       2                     5                 2                6            6               46             1.148e+06 
     6         1.1       0.15       0.18028              0.52202                 2                 3                       2                     5                 2                6            6               46            1.8734e+06 
     6        1.05       -0.1       0.18028              0.46098                 2                 3                       2                     5                 2                6            6               46            1.9211e+06 
     6        1.05        0.1       0.18028              0.46098                 2                 3                       2                     5                 2                6            6               46            1.9908e+06 
     2         0.7      -0.15       0.18028              0.52202                 6                 3                       1                     5                 2                6            6               46            1.3352e+06 
     2         0.7       0.15       0.18028              0.46098                 7                 4                       2                     5                 2                6            6               56            1.2354e+06 
     3       -0.15        0.5       0.18028              0.46098                 9                 5                       2                     7                 7                6            7               56            1.9544e+06 
     3       -0.15        0.7       0.18028              0.46098                 9                 6                       2                     7                 4                6            7               56             2.137e+06 
     3        0.15        0.5       0.18028              0.46098                 7                 5                       2                     7                 5                6            7               56            1.4082e+06 
     3        0.15        0.7       0.18028              0.46098                 7                 6                       2                     7                 5                6            7               56            2.3637e+06 
     4        -0.7       0.15       0.18028              0.46098                 9                 5                       4                     5                 2                6            6               56             1.553e+06 
     4        -0.5       0.15       0.18028              0.46098                 9                 2                       2                     4                 2                6            6               46            1.9822e+06 
     2        0.75       -0.1       0.18028              0.46098                 6                 3                       1                     5                 2                6            6               46            1.7041e+06 


============================================================
DONE : exp23af_command_candidate_diagnostic
TIME : 7.5 s
FIGS : 0
DIR  : D:\Research\Drone\SwarmDroneMATLAB\results\exp23af_command_candidate_diagnostic\2026-09-05_115958
============================================================
