
============================================================
RUN  : exp23af_command_candidate_diagnostic
ID   : 2026-09-05_115633
DIR  : D:\Research\Drone\SwarmDroneMATLAB\results\exp23af_command_candidate_diagnostic\2026-09-05_115633
WHEN : 2026-09-05 11:56:33
============================================================

    node    targetX    targetY    displacement    minimumSweepSeparation    nearestNode    changedSenderEdges    nonincidentSenderEdges    affectedCount    changedSlotCount    oldColors    newColors    maxResponseBytes    geometryHash
    ____    _______    _______    ____________    ______________________    ___________    __________________    ______________________    _____________    ________________    _________    _________    ________________    ____________

     2        0.75          0          0.15                 0.45                 6                 3                       1                     5                 2                6            6               46             1.121e+06 
     7        0.45        0.6          0.15                 0.45                 3                 4                       2                     6                 4                6            6               56            7.3458e+05 
     9       -0.45        0.6          0.15                 0.45                 3                 4                       2                     6                 3                6            6               56            1.2372e+06 
     6        1.05      -0.05       0.15811              0.45277                 2                 3                       2                     5                 2                6            6               46            5.4438e+05 
     6        1.05       0.05       0.15811              0.45277                 2                 3                       2                     5                 2                6            6               46             9.145e+05 
     3       -0.15       0.65       0.15811              0.45277                 9                 4                       2                     6                 3                6            6               56            1.5687e+06 
     3        0.15       0.65       0.15811              0.45277                 7                 4                       2                     6                 4                6            6               56             1.476e+06 
     4       -0.65       0.15       0.15811              0.45277                 9                 2                       2                     4                 2                6            6               46            1.3286e+06 
     3       -0.15       0.55       0.15811              0.45277                 9                 4                       2                     6                 3                6            6               56            6.3368e+05 
     3        0.15       0.55       0.15811              0.45277                 7                 4                       2                     6                 4                6            6               56            1.6119e+06 
     4       -0.55       0.15       0.15811              0.45277                 9                 2                       2                     4                 2                6            6               46            7.7242e+05 
     2        0.75      -0.05       0.15811              0.45277                 6                 3                       1                     5                 2                6            6               46            1.3799e+06 
     2        0.75       0.05       0.15811              0.45277                 6                 3                       1                     5                 2                6            6               46            1.0171e+06 
     7        0.45       0.65       0.15811              0.45277                 3                 4                       2                     6                 4                6            6               56            9.7158e+05 
     9       -0.45       0.65       0.15811              0.45277                 3                 4                       2                     6                 3                6            6               56            9.2537e+05 
     7        0.45       0.55       0.15811              0.45277                 3                 4                       2                     6                 4                6            6               56            1.0202e+06 
     9       -0.45       0.55       0.15811              0.45277                 3                 4                       2                     6                 3                6            6               56            1.5754e+06 
     6        1.05       -0.1       0.18028              0.46098                 2                 3                       2                     5                 2                6            6               46            8.2324e+05 
     6        1.05        0.1       0.18028              0.46098                 2                 3                       2                     5                 2                6            6               46            8.9295e+05 
     3       -0.15        0.5       0.18028              0.46098                 9                 4                       2                     6                 3                6            6               56            7.4275e+05 
     3       -0.15        0.7       0.18028              0.46098                 9                 4                       2                     6                 3                6            6               56            9.0242e+05 
     3        0.15        0.5       0.18028              0.46098                 7                 4                       2                     6                 4                6            6               56            1.2609e+06 
     3        0.15        0.7       0.18028              0.46098                 7                 4                       2                     6                 4                6            6               56            1.1456e+06 
     4        -0.7       0.15       0.18028              0.46098                 9                 2                       2                     4                 2                6            6               46            1.3232e+06 
     4        -0.5       0.15       0.18028              0.46098                 9                 2                       2                     4                 2                6            6               46            8.8321e+05 
     2        0.75       -0.1       0.18028              0.46098                 6                 3                       1                     5                 2                6            6               46            6.0627e+05 
     2        0.75        0.1       0.18028              0.46098                 6                 3                       1                     5                 2                6            6               46             1.177e+06 
     7        0.45        0.5       0.18028              0.46098                 3                 4                       2                     6                 4                6            6               56            1.3392e+06 
     7        0.45        0.7       0.18028              0.46098                 3                 4                       2                     6                 4                6            6               56            1.3958e+06 
     9       -0.45        0.5       0.18028              0.46098                 3                 4                       2                     6                 3                6            6               56            9.8444e+05 


============================================================
DONE : exp23af_command_candidate_diagnostic
TIME : 7.4 s
FIGS : 0
DIR  : D:\Research\Drone\SwarmDroneMATLAB\results\exp23af_command_candidate_diagnostic\2026-09-05_115633
============================================================
