
============================================================
RUN  : exp07b_ack_impairment
ID   : 2026-08-21_210001
DIR  : D:\Research\Drone\SwarmDroneMATLAB\results\exp07b_ack_impairment\2026-08-21_210001
WHEN : 2026-08-21 21:00:01
============================================================


============================================================
EXP07B ACK channel impairment
============================================================

Seeds        : 20
ACK cells    : 12 per scenario
Total sims   : 1440

Policy is LOCKED and identical everywhere:
  epsP 0.05 | epsV 0.10 | AoIth 0.12 | cooldown 0.10 | maxSilence 0.50

ensureParallelPool: starting pool with 16 workers...
Starting parallel pool (parpool) using the 'Processes' profile ...
Connected to parallel pool with 16 workers.
ensureParallelPool: pool ready (16 workers).

------------------------------------------------------------
Moderate | DATA loss 20 % | DATA delay 80 ms
------------------------------------------------------------
  reliable      ackLoss   0% ackDelay    80 ms jitter   0 ms[Warning: The temporary variable 'out' will be cleared at the beginning of each iteration of the parfor-loop. If 'out' is used before it is set, a runtime error will occur. For more information, see Parallel for Loops in MATLAB, "Uninitialized Temporaries".] 
[> In exp07b_ack_impairment (line 274)] 
  done
  L0  D40       ackLoss   0% ackDelay   120 ms jitter   0 ms  done
  L0  D80       ackLoss   0% ackDelay   160 ms jitter   0 ms  done
  L10 D0        ackLoss  10% ackDelay    80 ms jitter   0 ms  done
  L10 D40       ackLoss  10% ackDelay   120 ms jitter   0 ms  done
  L10 D80       ackLoss  10% ackDelay   160 ms jitter   0 ms  done
  L20 D0        ackLoss  20% ackDelay    80 ms jitter   0 ms  done
  L20 D40       ackLoss  20% ackDelay   120 ms jitter   0 ms  done
  L20 D80       ackLoss  20% ackDelay   160 ms jitter   0 ms  done
  L20 D=fwd     ackLoss  20% ackDelay   160 ms jitter   0 ms  done
  L10 D40 J40   ackLoss  10% ackDelay   120 ms jitter  40 ms  done
  L10 D40 J80   ackLoss  10% ackDelay   120 ms jitter  80 ms  done

------------------------------------------------------------
Stressed | DATA loss 40 % | DATA delay 120 ms
------------------------------------------------------------
  reliable      ackLoss   0% ackDelay   120 ms jitter   0 ms  done
  L0  D40       ackLoss   0% ackDelay   160 ms jitter   0 ms  done
  L0  D80       ackLoss   0% ackDelay   200 ms jitter   0 ms  done
  L10 D0        ackLoss  10% ackDelay   120 ms jitter   0 ms  done
  L10 D40       ackLoss  10% ackDelay   160 ms jitter   0 ms  done
  L10 D80       ackLoss  10% ackDelay   200 ms jitter   0 ms  done
  L20 D0        ackLoss  20% ackDelay   120 ms jitter   0 ms  done
  L20 D40       ackLoss  20% ackDelay   160 ms jitter   0 ms  done
  L20 D80       ackLoss  20% ackDelay   200 ms jitter   0 ms  done
  L20 D=fwd     ackLoss  20% ackDelay   240 ms jitter   0 ms  done
  L10 D40 J40   ackLoss  10% ackDelay   160 ms jitter  40 ms  done
  L10 D40 J80   ackLoss  10% ackDelay   160 ms jitter  80 ms  done

============================================================
Causal-v3 under ACK impairment
============================================================

Scenario   ACK cell          RMSE  Data[Hz]  ACK[Hz] ackDeliv   estAoI  staleAck FormFail SafeFail
Moderate   reliable        0.0877     13.38    10.66    0.998    0.222         0     0.00     0.00
Moderate   L0  D40         0.0774     17.46    13.93    0.996    0.245         0     0.00     0.00
Moderate   L0  D80         0.0772     18.34    14.64    0.995    0.285         0     0.00     0.00
Moderate   L10 D0          0.0862     13.87    11.07    0.899    0.229         0     0.00     0.00
Moderate   L10 D40         0.0772     17.53    14.01    0.897    0.253         0     0.00     0.00
Moderate   L10 D80         0.0772     18.34    14.64    0.895    0.293         0     0.00     0.00
Moderate   L20 D0          0.0850     14.35    11.45    0.800    0.239         0     0.00     0.00
Moderate   L20 D40         0.0773     17.61    14.07    0.799    0.263         0     0.00     0.00
Moderate   L20 D80         0.0772     18.34    14.64    0.796    0.303         0     0.00     0.00
Moderate   L20 D=fwd       0.0772     18.34    14.64    0.796    0.303         0     0.00     0.00
Moderate   L10 D40 J40     0.0801     16.41    13.10    0.896    0.266       503     0.00     0.00
Moderate   L10 D40 J80     0.0816     15.71    12.56    0.895    0.260      1039     0.00     0.00

Stressed   reliable        0.1173     18.24    10.86    0.996    0.310         0     1.00     0.00
Stressed   L0  D40         0.1173     18.24    10.86    0.995    0.350         0     1.00     0.00
Stressed   L0  D80         0.1173     18.24    10.86    0.994    0.390         0     1.00     0.00
Stressed   L10 D0          0.1173     18.24    10.86    0.898    0.320         0     1.00     0.00
Stressed   L10 D40         0.1173     18.24    10.86    0.897    0.360         0     1.00     0.00
Stressed   L10 D80         0.1173     18.24    10.86    0.895    0.400         0     1.00     0.00
Stressed   L20 D0          0.1173     18.24    10.86    0.797    0.334         0     1.00     0.00
Stressed   L20 D40         0.1173     18.24    10.86    0.796    0.374         0     1.00     0.00
Stressed   L20 D80         0.1173     18.24    10.86    0.795    0.414         0     1.00     0.00
Stressed   L20 D=fwd       0.1173     18.24    10.86    0.794    0.454         0     1.00     0.00
Stressed   L10 D40 J40     0.1170     18.18    10.86    0.896    0.368       392     1.00     0.00
Stressed   L10 D40 J80     0.1181     17.71    10.58    0.898    0.359       844     1.00     0.00

============================================================
Baseline invariance across ACK cells
============================================================

  Moderate   P10        RMSE spread across 12 ACK cells: 0.000e+00
  Moderate   P20        RMSE spread across 12 ACK cells: 0.000e+00
  Stressed   P10        RMSE spread across 12 ACK cells: 0.000e+00
  Stressed   P20        RMSE spread across 12 ACK cells: 0.000e+00

  Baselines are bit-identical everywhere: ACK settings do not leak.

============================================================
RMSE degradation versus reliable ACK
============================================================

ACK cell          Moderate     Stressed
reliable             0.00%        0.00%
L0  D40            -11.78%        0.00%
L0  D80            -11.96%        0.00%
L10 D0              -1.68%        0.00%
L10 D40            -11.94%        0.00%
L10 D80            -11.96%        0.00%
L20 D0              -3.02%        0.00%
L20 D40            -11.89%        0.00%
L20 D80            -11.96%        0.00%
L20 D=fwd          -11.96%        0.00%
L10 D40 J40         -8.64%       -0.28%
L10 D40 J80         -6.88%        0.69%

============================================================
Adaptive-scale saturation
============================================================

Scenario   ACK cell         estAoI     scale  saturated
Moderate   reliable          0.222     0.283          -
Moderate   L0  D40           0.245     0.229          -
Moderate   L0  D80           0.285     0.202        YES
Moderate   L10 D0            0.229     0.278          -
Moderate   L10 D40           0.253     0.227          -
Moderate   L10 D80           0.293     0.202        YES
Moderate   L20 D0            0.239     0.272          -
Moderate   L20 D40           0.263     0.224          -
Moderate   L20 D80           0.303     0.202        YES
Moderate   L20 D=fwd         0.303     0.202        YES
Moderate   L10 D40 J40       0.266     0.234          -
Moderate   L10 D40 J80       0.260     0.260          -
  Moderate: 4 of 12 cells saturated

Stressed   reliable          0.310     0.202        YES
Stressed   L0  D40           0.350     0.202        YES
Stressed   L0  D80           0.390     0.202        YES
Stressed   L10 D0            0.320     0.202        YES
Stressed   L10 D40           0.360     0.202        YES
Stressed   L10 D80           0.400     0.202        YES
Stressed   L20 D0            0.334     0.202        YES
Stressed   L20 D40           0.374     0.202        YES
Stressed   L20 D80           0.414     0.202        YES
Stressed   L20 D=fwd         0.454     0.202        YES
Stressed   L10 D40 J40       0.368     0.203        YES
Stressed   L10 D40 J80       0.359     0.212          -
  Stressed: 11 of 12 cells saturated


============================================================
EXP07B acceptance gates
============================================================

  [PASS] Protocol: invariants = 0 in every ACK cell    0 violation(s) over 24 cells
  [PASS] Protocol: no deadlock (gap <= maxSilence)     worst link silence 0.120 s vs 0.50 s
  [PASS] Moderate ACK impairment: degradation <= 10%   0.00 % (worst scenario)
  [PASS] Severe ACK impairment: degradation <= 25%     0.00 % (worst scenario)
  [PASS] Moderate ACK impairment: SafeFail <= 5%       0.00

  EXP07B GATES: ALL PASS (5/5)

============================================================
Reordering subtest (ACK jitter)
============================================================

Scenario   ACK cell        staleAck     dupAck       RMSE   Data[Hz]
Moderate   L10 D0                 0          0     0.0862      13.87
Moderate   L10 D40 J40          503        503     0.0801      16.41
Moderate   L10 D40 J80         1039       1039     0.0816      15.71

Stressed   L10 D0                 0          0     0.1173      18.24
Stressed   L10 D40 J40          392        392     0.1170      18.18
Stressed   L10 D40 J80          844        844     0.1181      17.71

  Reordering path exercised: 2777 stale ACKs discarded.

tidy.csv : 1440 rows

EXP07B completed.
saveAllFigures: 3 figure(s) written to D:\Research\Drone\SwarmDroneMATLAB\results\exp07b_ack_impairment\2026-08-21_210001\figures

============================================================
DONE : exp07b_ack_impairment
TIME : 3 m 33 s
FIGS : 3
DIR  : D:\Research\Drone\SwarmDroneMATLAB\results\exp07b_ack_impairment\2026-08-21_210001
============================================================
