
============================================================
RUN  : exp07a_causal_ack
ID   : 2026-08-21_183032
DIR  : D:\Research\Drone\SwarmDroneMATLAB\results\exp07a_causal_ack\2026-08-21_183032
WHEN : 2026-08-21 18:30:33
============================================================


============================================================
EXP07A explicit causal ACK
============================================================

Seeds          : 3
Channels       : 12
epsP / epsV    : 0.050 m / 0.100 m/s
AoI threshold  : 0.120 s
AoI cooldown   : 0.100 s
Max silence    : 0.500 s
ACK channel    : symmetric with forward, no loss
ensureParallelPool: starting pool with 3 workers...
Starting parallel pool (parpool) using the 'Processes' profile ...
Connected to parallel pool with 3 workers.
ensureParallelPool: pool ready (3 workers).

------------------------------------------------------------
Clean | loss 0 % | delay 0 ms
------------------------------------------------------------
  P10         [Warning: The temporary variable 'out' will be cleared at the beginning of each iteration of the parfor-loop. If 'out' is used before it is set, a runtime error will occur. For more information, see Parallel for Loops in MATLAB, "Uninitialized Temporaries".] 
[> In exp07a_causal_ack (line 257)] 
 done
  P20          done
  A1 State-event done
  Ideal-AoI    done
  A2c Fixed-OL done
  A3c Adapt-OL done
  A4c Causal-AoI done

------------------------------------------------------------
Moderate | loss 20 % | delay 80 ms
------------------------------------------------------------
  P10          done
  P20          done
  A1 State-event done
  Ideal-AoI    done
  A2c Fixed-OL done
  A3c Adapt-OL done
  A4c Causal-AoI done

------------------------------------------------------------
Stressed | loss 40 % | delay 120 ms
------------------------------------------------------------
  P10          done
  P20          done
  A1 State-event done
  Ideal-AoI    done
  A2c Fixed-OL done
  A3c Adapt-OL done
  A4c Causal-AoI done

============================================================
Results
============================================================

Scenario   Method           RMSE      Std  Data[Hz]   ACK[Hz]   AoI[s] FormFail SafeFail
Clean      P10            0.0345   0.0000     10.00      0.00    0.050     0.00     0.00
Clean      P20            0.0212   0.0000     20.00      0.00    0.026     0.00     0.00
Clean      A1 State-event   0.0792   0.0000      4.33      0.00    0.130     0.00     0.00
Clean      Ideal-AoI      0.0377   0.0000      8.41      0.00    0.060     0.00     0.00
Clean      A2c Fixed-OL   0.0444   0.0000      7.42      7.42    0.070     0.00     0.00
Clean      A3c Adapt-OL   0.0377   0.0000      8.41      8.41    0.060     0.00     0.00
Clean      A4c Causal-AoI   0.0377   0.0000      8.41      8.41    0.060     0.00     0.00

Moderate   P10            0.0958   0.0010     10.00      0.00    0.155     0.00     0.00
Moderate   P20            0.0728   0.0005     20.00      0.00    0.118     0.00     0.00
Moderate   A1 State-event   0.1658   0.0046      4.30      0.00    0.272     1.00     0.00
Moderate   Ideal-AoI      0.0977   0.0004     11.22      0.00    0.158     0.00     0.00
Moderate   A2c Fixed-OL   0.1132   0.0008      7.47      5.99    0.184     1.00     0.00
Moderate   A3c Adapt-OL   0.1063   0.0015      8.27      6.62    0.172     1.00     0.00
Moderate   A4c Causal-AoI   0.1011   0.0004      9.07      7.26    0.164     1.00     0.00

Stressed   P10            0.1455   0.0021     10.00      0.00    0.235     1.00     0.00
Stressed   P20            0.1102   0.0016     20.00      0.00    0.179     1.00     0.00
Stressed   A1 State-event   0.2566   0.0032      4.21      0.00    0.423     1.00     0.33
Stressed   Ideal-AoI      0.1302   0.0006     15.75      0.00    0.212     1.00     0.00
Stressed   A2c Fixed-OL   0.1707   0.0044      7.49      4.50    0.280     1.00     0.00
Stressed   A3c Adapt-OL   0.1615   0.0022      8.17      4.91    0.263     1.00     0.00
Stressed   A4c Causal-AoI   0.1536   0.0033      9.07      5.44    0.248     1.00     0.00

============================================================
Causality invariants (Causal-AoI)
============================================================

  ackBeforeAcceptCount       0
  ackForDroppedDataCount     0
  senderRollbackCount        0
  futureGenTimeCount         0
  staleAckAcceptedCount      0
  unknownSeqAckCount         0

  TOTAL                      0
  staleAckDiscarded (expected>0 only under jitter) 0

============================================================
Trigger composition (AoI arms only)
============================================================

Scenario   Method          posTrig    aoiTrig  meanScale    trueAoI     estAoI
Clean      Ideal-AoI         0.070      0.921      0.496      0.060        NaN
Clean      A4c Causal-AoI      0.070      0.921      0.496      0.060      0.080

Moderate   Ideal-AoI         0.342      0.631      0.407      0.158        NaN
Moderate   A4c Causal-AoI      0.047      0.945      0.260      0.164      0.244

Stressed   Ideal-AoI         0.613      0.360      0.331      0.212        NaN
Stressed   A4c Causal-AoI      0.037      0.955      0.202      0.248      0.370


============================================================
Protocol diagnostics (causal arms)
============================================================

Scenario   Method            supprInFlt   meanOutst   maxOutst ackCumGain    dupAck
Clean      A2c Fixed-OL           0.000       0.000          0      1.000         0
Clean      A3c Adapt-OL           0.000       0.000          0      1.001         0
Clean      A4c Causal-AoI         0.000       0.000          0      1.001         0

Moderate   A2c Fixed-OL           0.333       1.291          7      1.002         0
Moderate   A3c Adapt-OL           0.339       1.402          7      1.003         0
Moderate   A4c Causal-AoI         0.304       1.512          6      1.004         0

Stressed   A2c Fixed-OL           0.771       2.304         13      1.004         0
Stressed   A3c Adapt-OL           0.803       2.452         13      1.005         0
Stressed   A4c Causal-AoI         0.742       2.641         13      1.003         0

============================================================
Causal ablation: A1 -> A2c -> A3c -> A4c
============================================================

Clean
  A1 -> A2c  AoI coupling      RMSE  +43.93 % | rate  +3.09 Hz
  A2c -> A3c adaptive scale    RMSE  +15.04 % | rate  +0.99 Hz
  A3c -> A4c real feedback     RMSE   +0.00 % | rate  +0.00 Hz

Moderate
  A1 -> A2c  AoI coupling      RMSE  +31.73 % | rate  +3.17 Hz
  A2c -> A3c adaptive scale    RMSE   +6.07 % | rate  +0.80 Hz
  A3c -> A4c real feedback     RMSE   +4.92 % | rate  +0.80 Hz

Stressed
  A1 -> A2c  AoI coupling      RMSE  +33.46 % | rate  +3.27 Hz
  A2c -> A3c adaptive scale    RMSE   +5.40 % | rate  +0.69 Hz
  A3c -> A4c real feedback     RMSE   +4.88 % | rate  +0.90 Hz


============================================================
EXP07A acceptance gates
============================================================

  [PASS] Causality: 6 invariants = 0                0 violation(s)
  [PASS] Clean: |Causal-Ideal|/Ideal <= 2%          0.000 %
  [PASS] Moderate: Causal <= 1.10 x P10             0.1011 vs 0.0958  (ratio 1.056)
  [FAIL] Stressed: Causal < P10                     0.1536 vs 0.1455
  [PASS] Moderate: Causal < State-event             0.1011 vs 0.1658
  [PASS] Stressed: Causal < State-event             0.1536 vs 0.2566
  [FAIL] Rate ordering: Clean < Moderate < Stressed 8.41 < 9.07 < 9.07 Hz
  [PASS] Rate ceiling: Stressed data rate <= 20 Hz  9.07 Hz
  [PASS] Safety: SafeFail = 0 in all scenarios      max 0.00

  EXP07A GATES: 2 of 9 FAILED
  Per the pre-registration, thresholds are NOT to be adjusted.
  Analyse the cause and report before changing anything.

tidy.csv : 63 rows

EXP07A completed.
saveAllFigures: 3 figure(s) written to D:\Research\Drone\SwarmDroneMATLAB\results\exp07a_causal_ack\2026-08-21_183032\figures

============================================================
DONE : exp07a_causal_ack
TIME : 49.7 s
FIGS : 3
DIR  : D:\Research\Drone\SwarmDroneMATLAB\results\exp07a_causal_ack\2026-08-21_183032
============================================================
