
============================================================
RUN  : exp05d_pareto_frontier
ID   : 2026-08-20_080343
DIR  : D:\Research\Drone\SwarmDroneMATLAB\results\exp05d_pareto_frontier\2026-08-20_080343
WHEN : 2026-08-20 08:03:44
============================================================


============================================================
EXP05D Pareto frontiers
============================================================

Seeds          : 20
Channels       : 12
Sweep points   : 6 per family
Total sims     : 1080

Periodic rates : [2 5 8 10 15 20] Hz
epsP levels    : [0.01 0.02 0.03 0.05 0.08 0.12] m
epsV levels    : [0.02 0.04 0.06 0.1 0.16 0.24] m/s

AoI threshold  : 0.120 s
AoI cooldown   : 0.100 s
Max silence    : 0.500 s
ensureParallelPool: starting pool with 16 workers...
Starting parallel pool (parpool) using the 'Processes' profile ...
Connected to parallel pool with 16 workers.
ensureParallelPool: pool ready (16 workers).

------------------------------------------------------------
Clean | loss 0 % | delay 0 ms
------------------------------------------------------------
  Periodic    [Warning: The temporary variable 'out' will be cleared at the beginning of each iteration of the parfor-loop. If 'out' is used before it is set, a runtime error will occur. For more information, see Parallel for Loops in MATLAB, "Uninitialized Temporaries".] 
[> In exp05d_pareto_frontier (line 215)] 
......
  State-event ......
  Full-AoI    ......

------------------------------------------------------------
Moderate | loss 20 % | delay 80 ms
------------------------------------------------------------
  Periodic    ......
  State-event ......
  Full-AoI    ......

------------------------------------------------------------
Stressed | loss 40 % | delay 120 ms
------------------------------------------------------------
  Periodic    ......
  State-event ......
  Full-AoI    ......

============================================================
Frontier points
============================================================

Scenario   Family       Setting   Rate[Hz]  RMSE[m]      Std   AoI[s] FormFail
Clean      Periodic     2 Hz          2.00   0.1979   0.0000    0.250     1.00
Clean      Periodic     5 Hz          5.00   0.0698   0.0000    0.100     0.00
Clean      Periodic     8 Hz          8.00   0.0429   0.0000    0.063     0.00
Clean      Periodic     10 Hz        10.00   0.0345   0.0000    0.050     0.00
Clean      Periodic     15 Hz        15.00   0.0251   0.0000    0.034     0.00
Clean      Periodic     20 Hz        20.00   0.0212   0.0000    0.026     0.00

Clean      State-event  0.010 m      18.82   0.0226   0.0000    0.030     0.00
Clean      State-event  0.020 m      10.53   0.0340   0.0000    0.053     0.00
Clean      State-event  0.030 m       7.06   0.0507   0.0000    0.080     0.00
Clean      State-event  0.050 m       4.33   0.0792   0.0000    0.130     0.00
Clean      State-event  0.080 m       2.75   0.1215   0.0000    0.204     1.00
Clean      State-event  0.120 m       2.16   0.1683   0.0000    0.250     1.00

Clean      Full-AoI     0.010 m      18.56   0.0224   0.0000    0.030     0.00
Clean      Full-AoI     0.020 m      10.52   0.0348   0.0000    0.053     0.00
Clean      Full-AoI     0.030 m       8.91   0.0377   0.0000    0.060     0.00
Clean      Full-AoI     0.050 m       8.41   0.0377   0.0000    0.060     0.00
Clean      Full-AoI     0.080 m       6.43   0.0501   0.0000    0.080     0.00
Clean      Full-AoI     0.120 m       5.27   0.0635   0.0000    0.100     0.00

Moderate   Periodic     2 Hz          2.00   0.2955   0.0097    0.459     1.00
Moderate   Periodic     5 Hz          5.00   0.1393   0.0030    0.231     1.00
Moderate   Periodic     8 Hz          8.00   0.1065   0.0018    0.175     1.00
Moderate   Periodic     10 Hz        10.00   0.0959   0.0012    0.155     0.00
Moderate   Periodic     15 Hz        15.00   0.0811   0.0006    0.131     0.00
Moderate   Periodic     20 Hz        20.00   0.0730   0.0003    0.118     0.00

Moderate   State-event  0.010 m      18.65   0.0775   0.0005    0.125     0.00
Moderate   State-event  0.020 m      10.24   0.1005   0.0015    0.163     0.70
Moderate   State-event  0.030 m       7.00   0.1235   0.0020    0.201     1.00
Moderate   State-event  0.050 m       4.30   0.1682   0.0036    0.274     1.00
Moderate   State-event  0.080 m       2.69   0.2379   0.0084    0.394     1.00
Moderate   State-event  0.120 m       2.14   0.2771   0.0115    0.457     1.00

Moderate   Full-AoI     0.010 m      29.36   0.0672   0.0002    0.108     0.00
Moderate   Full-AoI     0.020 m      22.91   0.0747   0.0002    0.121     0.00
Moderate   Full-AoI     0.030 m      17.17   0.0859   0.0004    0.139     0.00
Moderate   Full-AoI     0.050 m      11.22   0.0978   0.0007    0.158     0.00
Moderate   Full-AoI     0.080 m       7.76   0.1126   0.0011    0.182     1.00
Moderate   Full-AoI     0.120 m       5.97   0.1248   0.0012    0.203     1.00

Stressed   Periodic     2 Hz          2.00   0.4119   0.0217    0.699     1.00
Stressed   Periodic     5 Hz          5.00   0.2102   0.0070    0.350     1.00
Stressed   Periodic     8 Hz          8.00   0.1647   0.0030    0.264     1.00
Stressed   Periodic     10 Hz        10.00   0.1449   0.0021    0.235     1.00
Stressed   Periodic     15 Hz        15.00   0.1218   0.0013    0.197     1.00
Stressed   Periodic     20 Hz        20.00   0.1098   0.0007    0.178     1.00

Stressed   State-event  0.010 m      18.54   0.1168   0.0009    0.189     1.00
Stressed   State-event  0.020 m      10.07   0.1527   0.0026    0.249     1.00
Stressed   State-event  0.030 m       6.93   0.1855   0.0040    0.304     1.00
Stressed   State-event  0.050 m       4.21   0.2532   0.0109    0.423     1.00
Stressed   State-event  0.080 m       2.64   0.3526   0.0200    0.603     1.00
Stressed   State-event  0.120 m       2.13   0.4077   0.0175    0.697     1.00

Stressed   Full-AoI     0.010 m      29.36   0.1010   0.0004    0.164     0.95
Stressed   Full-AoI     0.020 m      29.28   0.1009   0.0004    0.164     1.00
Stressed   Full-AoI     0.030 m      21.70   0.1138   0.0005    0.185     1.00
Stressed   Full-AoI     0.050 m      15.77   0.1305   0.0008    0.212     1.00
Stressed   Full-AoI     0.080 m      10.55   0.1491   0.0011    0.242     1.00
Stressed   Full-AoI     0.120 m       8.26   0.1617   0.0018    0.264     1.00

============================================================
Dominance of Full-AoI versus the baseline frontiers
============================================================

Margin = (baseline RMSE at the same rate) - (Full-AoI RMSE)
Positive margin => Full-AoI is better at equal cost.
NaN => the baseline was never measured at that rate.

Clean
  Rate[Hz]   AoI RMSE    vs Periodic vs State-event
     18.56     0.0224        -0.0001        +0.0005
     10.52     0.0348        -0.0012        -0.0007
      8.91     0.0377        +0.0014        +0.0041
      8.41     0.0377        +0.0034        +0.0064
      6.43     0.0501        +0.0068        +0.0071
      5.27     0.0635        +0.0039        +0.0059
  Full-AoI better at 4/6 comparable points vs Periodic, 5/6 vs State-event

Moderate
  Rate[Hz]   AoI RMSE    vs Periodic vs State-event
     29.36     0.0672            NaN            NaN
     22.91     0.0747            NaN            NaN
     17.17     0.0859        -0.0083        -0.0044
     11.22     0.0978        -0.0055        +0.0001
      7.76     0.1126        -0.0035        +0.0055
      5.97     0.1248        +0.0039        +0.0157
  Full-AoI better at 1/4 comparable points vs Periodic, 3/4 vs State-event

Stressed
  Rate[Hz]   AoI RMSE    vs Periodic vs State-event
     29.36     0.1010            NaN            NaN
     29.28     0.1009            NaN            NaN
     21.70     0.1138            NaN            NaN
     15.77     0.1305        -0.0105        -0.0019
     10.55     0.1491        -0.0068        +0.0016
      8.26     0.1617        +0.0004        +0.0099
  Full-AoI better at 1/3 comparable points vs Periodic, 2/3 vs State-event


============================================================
One configuration across all network conditions
============================================================

Family       Setting     MeanRate    WorstRMSE     MeanRMSE
Periodic     2 Hz            2.00       0.4119       0.3017
Periodic     5 Hz            5.00       0.2102       0.1397
Periodic     8 Hz            8.00       0.1647       0.1047
Periodic     10 Hz          10.00       0.1449       0.0917
Periodic     15 Hz          15.00       0.1218       0.0760
Periodic     20 Hz          20.00       0.1098       0.0680

State-event  0.010 m        18.67       0.1168       0.0723
State-event  0.020 m        10.28       0.1527       0.0957
State-event  0.030 m         6.99       0.1855       0.1199
State-event  0.050 m         4.28       0.2532       0.1669
State-event  0.080 m         2.69       0.3526       0.2373
State-event  0.120 m         2.15       0.4077       0.2843

Full-AoI     0.010 m        25.76       0.1010       0.0635
Full-AoI     0.020 m        20.91       0.1009       0.0701
Full-AoI     0.030 m        15.93       0.1138       0.0792
Full-AoI     0.050 m        11.80       0.1305       0.0887
Full-AoI     0.080 m         8.25       0.1491       0.1040
Full-AoI     0.120 m         6.50       0.1617       0.1167

Margin on the single-configuration plane
(baseline worst-case RMSE at equal mean rate) - (Full-AoI)

    MeanRate    AoI Worst    vs Periodic   vs State-event
       25.76       0.1010            NaN              NaN
       20.91       0.1009            NaN              NaN
       15.93       0.1138        +0.0058          +0.0147
       11.80       0.1305        +0.0061          +0.0157
        8.25       0.1491        +0.0131          +0.0239
        6.50       0.1617        +0.0257          +0.0362

  Full-AoI better at 4/4 comparable points vs Periodic, 4/4 vs State-event

Rate adaptation from Clean to Stressed (same configuration)

Family       Setting    Clean[Hz] Stress[Hz]      Ratio
Periodic     2 Hz            2.00       2.00       1.00
Periodic     5 Hz            5.00       5.00       1.00
Periodic     8 Hz            8.00       8.00       1.00
Periodic     10 Hz          10.00      10.00       1.00
Periodic     15 Hz          15.00      15.00       1.00
Periodic     20 Hz          20.00      20.00       1.00

State-event  0.010 m        18.82      18.54       0.99
State-event  0.020 m        10.53      10.07       0.96
State-event  0.030 m         7.06       6.93       0.98
State-event  0.050 m         4.33       4.21       0.97
State-event  0.080 m         2.75       2.64       0.96
State-event  0.120 m         2.16       2.13       0.99

Full-AoI     0.010 m        18.56      29.36       1.58
Full-AoI     0.020 m        10.52      29.28       2.78
Full-AoI     0.030 m         8.91      21.70       2.44
Full-AoI     0.050 m         8.41      15.77       1.88
Full-AoI     0.080 m         6.43      10.55       1.64
Full-AoI     0.120 m         5.27       8.26       1.57

============================================================
ACK feedback integrity
============================================================
  Accepted-state updates : 1456105
  Sync misses            : 0
  STATUS                 : OK

tidy.csv : 1080 rows

EXP05D completed.
saveAllFigures: 5 figure(s) written to D:\Research\Drone\SwarmDroneMATLAB\results\exp05d_pareto_frontier\2026-08-20_080343\figures

============================================================
DONE : exp05d_pareto_frontier
TIME : 2 m 52 s
FIGS : 5
DIR  : D:\Research\Drone\SwarmDroneMATLAB\results\exp05d_pareto_frontier\2026-08-20_080343
============================================================
