
============================================================
RUN  : exp23am_semantic_local_sentinel
ID   : 2026-09-06_071938
DIR  : D:\Research\Drone\SwarmDroneMATLAB\results\exp23am_semantic_local_sentinel\2026-09-06_071938
WHEN : 2026-09-06 07:19:38
============================================================


EXP23AM semantic sentinel gates
  [PASS] registry_and_invalid_parent_retained        registry 27894330/28 leaves; EXP23AL retained at 9/10
  [PASS] other_parent_gates_retained                 all nine non-sentinel EXP23AL gates remain passed
  [PASS] local_only_nan_sentinel                     one initiator-local RESPONSE has NaN route hash and zero radio cost
  [PASS] semantic_recipient_identity                 25/25 semantic recipient hashes reproduce exactly
  [PASS] nonlocal_plan_and_reliability_identity      24 nonlocal routed plans/certificates exact; local route undefined
  [PASS] semantic_delivery_and_accounting_exact      attempt range 0--30; integer byte/airtime exact
  [PASS] primitive_scope_only                        routing primitive closes; closed-loop and renewal claims stay false
        kind        sender    packetBytes    recipientCount    currentRecipientHash    recipientHashExact    localOnly    parentUndefinedRouteHash    noRouteInstantiated    currentPlanHash    planExact    reliabilityExact    simulatorVersionHash    deliveryExact    attempts    physicalBytes    offeredAirtimeSec    accountingExact    collisionRecipients    duplicateForwards    forbiddenReads
    ____________    ______    ___________    ______________    ____________________    __________________    _________    ________________________    ___________________    _______________    _________    ________________    ____________________    _____________    ________    _____________    _________________    _______________    ___________________    _________________    ______________

    "prepare"          2          48               3                   473                     1                 0                   0                         0               7.5408e+05           1               1                   64297                  1             24           1152             0.036864                1                    0                     0                  0       
    "claim"            2          72               6                   490                     1                 0                   0                         0               7.5281e+05           1               1                   64297                  1             18           1296             0.041472                1                    0                     0                  0       
    "quiescent"        3          24               1                   458                     1                 0                   0                         0               7.4784e+05           1               1                   64297                  1              5            120              0.00384                1                    0                     0                  0       
    "claim"            3          72               6                   498                     1                 0                   0                         0               7.6202e+05           1               1                   64297                  1             30           2160              0.06912                1                    0                     0                  0       
    "quiescent"        5          24               1                   458                     1                 0                   0                         0               7.5414e+05           1               1                   64297                  1             15            360              0.01152                1                    0                     0                  0       
    "claim"            5          72               5                   484                     1                 0                   0                         0                7.617e+05           1               1                   64297                  1             24           1728             0.055296                1                    0                     0                  0       
    "quiescent"        7          24               1                   458                     1                 0                   0                         0               7.5562e+05           1               1                   64297                  1             15            360              0.01152                1                    0                     0                  0       
    "claim"            7          72               7                   504                     1                 0                   0                         0               7.6556e+05           1               1                   64297                  1             30           2160              0.06912                1                    0                     0                  0       
    "lock-proof"       1          28               3                   470                     1                 0                   0                         0               7.4564e+05           1               1                   64297                  1              5            140              0.00448                1                    0                     0                  0       
    "lock-proof"       4          28               3                   469                     1                 0                   0                         0               7.5293e+05           1               1                   64297                  1             18            504             0.016128                1                    0                     0                  0       
    "lock-proof"       6          28               3                   477                     1                 0                   0                         0               7.5757e+05           1               1                   64297                  1             24            672             0.021504                1                    0                     0                  0       
    "lock-proof"       8          28               3                   466                     1                 0                   0                         0               7.5542e+05           1               1                   64297                  1             18            504             0.016128                1                    0                     0                  0       
    "lock-proof"       9          28               1                   459                     1                 0                   0                         0               7.6013e+05           1               1                   64297                  1             24            672             0.021504                1                    0                     0                  0       
    "lock-proof"      10          28               2                   465                     1                 0                   0                         0               7.5352e+05           1               1                   64297                  1             10            280              0.00896                1                    0                     0                  0       
    "response"         1          46               1                   458                     1                 0                   0                         0               7.4351e+05           1               1                   64297                  1              5            230              0.00736                1                    0                     0                  0       
    "response"         2          56               0                   455                     1                 1                   1                         1                      NaN           1               1                       0                  1              0              0                    0                1                    0                     0                  0       
    "response"         3          46               1                   458                     1                 0                   0                         0               7.4784e+05           1               1                   64297                  1              5            230              0.00736                1                    0                     0                  0       
    "response"         4          36               1                   458                     1                 0                   0                         0               7.4958e+05           1               1                   64297                  1             10            360              0.01152                1                    0                     0                  0       
    "response"         5          26               1                   458                     1                 0                   0                         0               7.5414e+05           1               1                   64297                  1             15            390              0.01248                1                    0                     0                  0       
    "response"         6          36               1                   458                     1                 0                   0                         0               7.4975e+05           1               1                   64297                  1             10            360              0.01152                1                    0                     0                  0       
    "response"         7          36               1                   458                     1                 0                   0                         0               7.5562e+05           1               1                   64297                  1             15            540              0.01728                1                    0                     0                  0       
    "response"         8          36               1                   458                     1                 0                   0                         0               7.5144e+05           1               1                   64297                  1             10            360              0.01152                1                    0                     0                  0       
    "response"         9          36               1                   458                     1                 0                   0                         0               7.5752e+05           1               1                   64297                  1             15            540              0.01728                1                    0                     0                  0       
    "response"        10          36               1                   458                     1                 0                   0                         0               7.5282e+05           1               1                   64297                  1             10            360              0.01152                1                    0                     0                  0       
    "commit"           2          28               3                   473                     1                 0                   0                         0               7.5408e+05           1               1                   64297                  1             24            672             0.021504                1                    0                     0                  0       

EXP23AM DECISION: INTEGER_ACCOUNTED_ROUTING_PRIMITIVE_DIAGNOSTIC_VALID

============================================================
DONE : exp23am_semantic_local_sentinel
TIME : 8.4 s
FIGS : 0
DIR  : D:\Research\Drone\SwarmDroneMATLAB\results\exp23am_semantic_local_sentinel\2026-09-06_071938
============================================================
