
============================================================
RUN  : exp03a_packet_loss
ID   : 2026-08-20_074536
DIR  : D:\Research\Drone\SwarmDroneMATLAB\results\exp03a_packet_loss\2026-08-20_074536
WHEN : 2026-08-20 07:45:36
============================================================


EXP03A packet-loss sweep

Packet loss = 0 %
Packet loss = 10 %
Packet loss = 20 %
Packet loss = 30 %
Packet loss = 40 %
Packet loss = 50 %
Packet loss = 60 %

Summary over 20 Monte Carlo seeds

Loss    RMSE[m]   MaxErr[m]  MinFull[m] MinEval[m] PDR    AoI[s]
  0%    0.0345    0.0455     0.2667     0.5549    1.000   0.050
 10%    0.0408    0.0561     0.2658     0.5470    0.901   0.061
 20%    0.0490    0.0695     0.2647     0.5352    0.799   0.075
 30%    0.0596    0.0869     0.2596     0.5202    0.702   0.092
 40%    0.0737    0.1091     0.2557     0.5021    0.603   0.115
 50%    0.0947    0.1471     0.2484     0.4692    0.502   0.149
 60%    0.1254    0.2008     0.2452     0.4246    0.402   0.198

tidy.csv : 140 rows
saveAllFigures: 3 figure(s) written to D:\Research\Drone\SwarmDroneMATLAB\results\exp03a_packet_loss\2026-08-20_074536\figures

============================================================
DONE : exp03a_packet_loss
TIME : 21.9 s
FIGS : 3
DIR  : D:\Research\Drone\SwarmDroneMATLAB\results\exp03a_packet_loss\2026-08-20_074536
============================================================
