
============================================================
RUN  : exp07a_causal_ack
ID   : 2026-08-21_180948
DIR  : D:\Research\Drone\SwarmDroneMATLAB\results\exp07a_causal_ack\2026-08-21_180948
WHEN : 2026-08-21 18:09:48
============================================================


============================================================
EXP07A explicit causal ACK
============================================================

Seeds          : 3
Channels       : 12
epsP / epsV    : 0.050 m / 0.100 m/s
AoI threshold  : 0.120 s
AoI cooldown   : 0.100 s
Max silence    : 0.500 s
ACK channel    : symmetric with forward, no loss
ensureParallelPool: starting pool with 3 workers...
Starting parallel pool (parpool) using the 'Processes' profile ...
Connected to parallel pool with 3 workers.
ensureParallelPool: pool ready (3 workers).

------------------------------------------------------------
Clean | loss 0 % | delay 0 ms
------------------------------------------------------------
  P10         [Warning: The temporary variable 'out' will be cleared at the beginning of each iteration of the parfor-loop. If 'out' is used before it is set, a runtime error will occur. For more information, see Parallel for Loops in MATLAB, "Uninitialized Temporaries".] 
[> In exp07a_causal_ack (line 230)] 
 done
  P20          done
  State-event  done
  Ideal-AoI    done
  Causal-AoI   done

------------------------------------------------------------
Moderate | loss 20 % | delay 80 ms
------------------------------------------------------------
  P10          done
  P20          done
  State-event  done
  Ideal-AoI    done
  Causal-AoI   done

------------------------------------------------------------
Stressed | loss 40 % | delay 120 ms
------------------------------------------------------------
  P10          done
  P20          done
  State-event  done
  Ideal-AoI    done
  Causal-AoI   done

============================================================
Results
============================================================

Scenario   Method           RMSE      Std  Data[Hz]   ACK[Hz]   AoI[s] FormFail SafeFail
Clean      P10            0.0345   0.0000     10.00      0.00    0.050     0.00     0.00
Clean      P20            0.0212   0.0000     20.00      0.00    0.026     0.00     0.00
Clean      State-event    0.0792   0.0000      4.33      0.00    0.130     0.00     0.00
Clean      Ideal-AoI      0.0377   0.0000      8.41      0.00    0.060     0.00     0.00
Clean      Causal-AoI     0.0377   0.0000      8.41      8.41    0.060     0.00     0.00

Moderate   P10            0.0958   0.0010     10.00      0.00    0.155     0.00     0.00
Moderate   P20            0.0728   0.0005     20.00      0.00    0.118     0.00     0.00
Moderate   State-event    0.1658   0.0046      4.30      0.00    0.272     1.00     0.00
Moderate   Ideal-AoI      0.0977   0.0004     11.22      0.00    0.158     0.00     0.00
Moderate   Causal-AoI     0.0911   0.0005     15.86     12.68    0.148     0.00     0.00

Stressed   P10            0.1455   0.0021     10.00      0.00    0.235     1.00     0.00
Stressed   P20            0.1102   0.0016     20.00      0.00    0.179     1.00     0.00
Stressed   State-event    0.2566   0.0032      4.21      0.00    0.423     1.00     0.33
Stressed   Ideal-AoI      0.1302   0.0006     15.75      0.00    0.212     1.00     0.00
Stressed   Causal-AoI     0.1049   0.0004     26.19     15.70    0.170     1.00     0.00

============================================================
Causality invariants (Causal-AoI)
============================================================

  ackBeforeAcceptCount       0
  ackForDroppedDataCount     0
  senderRollbackCount        0
  futureGenTimeCount         0
  staleAckAcceptedCount      0
  unknownSeqAckCount         0

  TOTAL                      0
  staleAckDiscarded (expected>0 only under jitter) 0

============================================================
Trigger composition (AoI arms only)
============================================================

Scenario   Method          posTrig    aoiTrig  meanScale    trueAoI     estAoI
Clean      Ideal-AoI         0.070      0.921      0.496      0.060        NaN
Clean      Causal-AoI        0.070      0.921      0.496      0.060      0.080

Moderate   Ideal-AoI         0.342      0.631      0.407      0.158        NaN
Moderate   Causal-AoI        0.627      0.335      0.282      0.148      0.227

Stressed   Ideal-AoI         0.613      0.360      0.331      0.212        NaN
Stressed   Causal-AoI        0.976      0.003      0.202      0.170      0.290


============================================================
EXP07A acceptance gates
============================================================

  [PASS] Causality: 6 invariants = 0                0 violation(s)
  [PASS] Clean: |Causal-Ideal|/Ideal <= 2%          0.000 %
  [PASS] Moderate: Causal <= 1.10 x P10             0.0911 vs 0.0958  (ratio 0.951)
  [PASS] Stressed: Causal < P10                     0.1049 vs 0.1455
  [PASS] Moderate: Causal < State-event             0.0911 vs 0.1658
  [PASS] Stressed: Causal < State-event             0.1049 vs 0.2566
  [PASS] Rate ordering: Clean < Moderate < Stressed 8.41 < 15.86 < 26.19 Hz
  [FAIL] Rate ceiling: Stressed data rate <= 20 Hz  26.19 Hz
  [PASS] Safety: SafeFail = 0 in all scenarios      max 0.00

  EXP07A GATES: 1 of 9 FAILED
  Per the pre-registration, thresholds are NOT to be adjusted.
  Analyse the cause and report before changing anything.

tidy.csv : 45 rows

EXP07A completed.
saveAllFigures: 3 figure(s) written to D:\Research\Drone\SwarmDroneMATLAB\results\exp07a_causal_ack\2026-08-21_180948\figures

============================================================
DONE : exp07a_causal_ack
TIME : 42.9 s
FIGS : 3
DIR  : D:\Research\Drone\SwarmDroneMATLAB\results\exp07a_causal_ack\2026-08-21_180948
============================================================
