
============================================================
RUN  : exp03c_loss_delay
ID   : 2026-08-20_081131
DIR  : D:\Research\Drone\SwarmDroneMATLAB\results\exp03c_loss_delay\2026-08-20_081131
WHEN : 2026-08-20 08:11:31
============================================================


============================================================
EXP03C packet-loss x fixed-delay sweep
============================================================

Monte Carlo seeds per condition: 20

Loss =  0 % | Delay =   0 ms
Loss =  0 % | Delay =  40 ms
Loss =  0 % | Delay =  80 ms
Loss =  0 % | Delay = 120 ms
Loss =  0 % | Delay = 200 ms
Loss =  0 % | Delay = 300 ms
Loss = 20 % | Delay =   0 ms
Loss = 20 % | Delay =  40 ms
Loss = 20 % | Delay =  80 ms
Loss = 20 % | Delay = 120 ms
Loss = 20 % | Delay = 200 ms
Loss = 20 % | Delay = 300 ms
Loss = 40 % | Delay =   0 ms
Loss = 40 % | Delay =  40 ms
Loss = 40 % | Delay =  80 ms
Loss = 40 % | Delay = 120 ms
Loss = 40 % | Delay = 200 ms
Loss = 40 % | Delay = 300 ms
Loss = 60 % | Delay =   0 ms
Loss = 60 % | Delay =  40 ms
Loss = 60 % | Delay =  80 ms
Loss = 60 % | Delay = 120 ms
Loss = 60 % | Delay = 200 ms
Loss = 60 % | Delay = 300 ms

============================================================
EXP03C mean results over 20 Monte Carlo seeds
============================================================

Loss  Delay   RMSE[m]  StdRMSE   MaxErr[m]  MinFull[m] MinEval[m]  PDR    AoI_sim  AoI_th   SafeFail FormFail
----  -----   -------  -------   ---------  ---------- ----------  -----  -------  ------   -------- --------
  0%     0ms   0.0345   0.0000    0.0455     0.2667     0.5549    1.000   0.050    0.050     0.00     0.00
  0%    40ms   0.0552   0.0000    0.0700     0.2599     0.5301    1.000   0.090    0.090     0.00     0.00
  0%    80ms   0.0803   0.0000    0.1013     0.2540     0.4991    1.000   0.130    0.130     0.00     0.00
  0%   120ms   0.1050   0.0000    0.1334     0.2475     0.4684    1.000   0.170    0.170     0.00     1.00
  0%   200ms   0.1559   0.0000    0.2006     0.2299     0.4053    1.000   0.250    0.250     0.00     1.00
  0%   300ms   0.2162   0.0000    0.2786     0.2035     0.3309    1.000   0.350    0.350     0.00     1.00
 20%     0ms   0.0489   0.0011    0.0694     0.2628     0.5369    0.803   0.075    0.075     0.00     0.00
 20%    40ms   0.0706   0.0010    0.0961     0.2559     0.5102    0.797   0.115    0.115     0.00     0.00
 20%    80ms   0.0956   0.0008    0.1274     0.2496     0.4778    0.800   0.155    0.155     0.00     0.00
 20%   120ms   0.1204   0.0010    0.1586     0.2411     0.4487    0.801   0.195    0.195     0.00     1.00
 20%   200ms   0.1709   0.0008    0.2211     0.2234     0.3853    0.800   0.275    0.275     0.00     1.00
 20%   300ms   0.2312   0.0006    0.2970     0.1977     0.3121    0.799   0.375    0.375     0.00     1.00
 40%     0ms   0.0747   0.0023    0.1123     0.2540     0.4986    0.599   0.117    0.117     0.00     0.00
 40%    40ms   0.0951   0.0029    0.1347     0.2494     0.4769    0.602   0.156    0.157     0.00     0.05
 40%    80ms   0.1215   0.0023    0.1692     0.2402     0.4430    0.599   0.197    0.197     0.00     1.00
 40%   120ms   0.1463   0.0024    0.2043     0.2363     0.4146    0.601   0.237    0.237     0.00     1.00
 40%   200ms   0.1960   0.0024    0.2603     0.2141     0.3537    0.602   0.317    0.317     0.00     1.00
 40%   300ms   0.2556   0.0023    0.3341     0.1932     0.2814    0.598   0.417    0.417     0.00     1.00
 60%     0ms   0.1253   0.0043    0.2010     0.2333     0.4331    0.400   0.201    0.200     0.00     1.00
 60%    40ms   0.1478   0.0058    0.2205     0.2295     0.4066    0.398   0.241    0.240     0.00     1.00
 60%    80ms   0.1720   0.0052    0.2617     0.2282     0.3758    0.400   0.279    0.280     0.00     1.00
 60%   120ms   0.1958   0.0038    0.2779     0.2147     0.3547    0.400   0.319    0.320     0.00     1.00
 60%   200ms   0.2424   0.0041    0.3350     0.2056     0.2905    0.405   0.395    0.400     0.00     1.00
 60%   300ms   0.3024   0.0055    0.4097     0.1835     0.2246    0.401   0.500    0.500     0.95     1.00

AoI analytical validation
  Mean |simulation - theory| : 0.000573 s
  Max  |simulation - theory| : 0.004652 s

Corner-case sanity checks
  0% loss,   0 ms : RMSE = 0.0345 m | AoI = 0.050 s | theory = 0.050 s
  60% loss, 0 ms : RMSE = 0.1253 m | AoI = 0.201 s | theory = 0.200 s
  0% loss, 300 ms : RMSE = 0.2162 m | AoI = 0.350 s | theory = 0.350 s
  60% loss, 300 ms : RMSE = 0.3024 m | AoI = 0.500 s | theory = 0.500 s

EXP03C completed.


tidy.csv : 480 rows
saveAllFigures: 7 figure(s) written to D:\Research\Drone\SwarmDroneMATLAB\results\exp03c_loss_delay\2026-08-20_081131\figures

============================================================
DONE : exp03c_loss_delay
TIME : 3 m 44 s
FIGS : 7
DIR  : D:\Research\Drone\SwarmDroneMATLAB\results\exp03c_loss_delay\2026-08-20_081131
============================================================
