
============================================================
RUN  : tcns_gate3_formation_robustness_diagnostic
ID   : 2026-09-06_201053
DIR  : D:\Research\Drone\SwarmDroneMATLAB\results\tcns_gate3_formation_robustness_diagnostic\2026-09-06_201053
WHEN : 2026-09-06 20:10:53
============================================================

seed 27020001: degradation max 0.1496 <= 2.0105 m, p95 tight 0.085, UUB 4.365 m
seed 27020002: degradation max 0.1560 <= 2.0615 m, p95 tight 0.085, UUB 4.480 m
seed 27020003: degradation max 0.1466 <= 2.0217 m, p95 tight 0.084, UUB 4.383 m
seed 27020004: degradation max 0.1481 <= 2.0348 m, p95 tight 0.086, UUB 4.142 m
seed 27020005: degradation max 0.1488 <= 2.0892 m, p95 tight 0.089, UUB 4.308 m
saveAllFigures: 1 figure(s) written to D:\Research\Drone\SwarmDroneMATLAB\results\tcns_gate3_formation_robustness_diagnostic\2026-09-06_201053\figures

Gate 3 formation robustness: PASS
  minimum position/formation coverage : 1.000000 / 1.000000
  max recurrence residual             : 4.441e-16
  mean p95 full-bound tightness        : 0.0859
  mean degradation RMS / upper [m]    : 0.1093 / 1.4351
  structured / legacy mean UUB [m]    : 4.336 / 1.794e+04

============================================================
DONE : tcns_gate3_formation_robustness_diagnostic
TIME : 15.6 s
FIGS : 1
DIR  : D:\Research\Drone\SwarmDroneMATLAB\results\tcns_gate3_formation_robustness_diagnostic\2026-09-06_201053
============================================================
